Archive member included to satisfy reference by file (symbol)

d:/programs/stm_ide/plugins/fr.ac6.mcu.externaltools.arm-none.win32_1.17.0.201812190825/tools/compiler/bin/../lib/gcc/arm-none-eabi/7.3.1/thumb/v7-m\libgcc.a(_arm_addsubdf3.o)
                              src/pwm_expander.o (__aeabi_dadd)
d:/programs/stm_ide/plugins/fr.ac6.mcu.externaltools.arm-none.win32_1.17.0.201812190825/tools/compiler/bin/../lib/gcc/arm-none-eabi/7.3.1/thumb/v7-m\libgcc.a(_arm_muldivdf3.o)
                              src/pwm_expander.o (__aeabi_dmul)
d:/programs/stm_ide/plugins/fr.ac6.mcu.externaltools.arm-none.win32_1.17.0.201812190825/tools/compiler/bin/../lib/gcc/arm-none-eabi/7.3.1/thumb/v7-m\libgcc.a(_arm_fixunsdfsi.o)
                              src/pwm_expander.o (__aeabi_d2uiz)
d:/programs/stm_ide/plugins/fr.ac6.mcu.externaltools.arm-none.win32_1.17.0.201812190825/tools/compiler/bin/../lib/gcc/arm-none-eabi/7.3.1/../../../../arm-none-eabi/lib/thumb/v7-m\libc.a(lib_a-errno.o)
                              src/syscalls.o (__errno)
d:/programs/stm_ide/plugins/fr.ac6.mcu.externaltools.arm-none.win32_1.17.0.201812190825/tools/compiler/bin/../lib/gcc/arm-none-eabi/7.3.1/../../../../arm-none-eabi/lib/thumb/v7-m\libc.a(lib_a-exit.o)
                              d:/programs/stm_ide/plugins/fr.ac6.mcu.externaltools.arm-none.win32_1.17.0.201812190825/tools/compiler/bin/../lib/gcc/arm-none-eabi/7.3.1/../../../../arm-none-eabi/lib/thumb/v7-m/crt0.o (exit)
d:/programs/stm_ide/plugins/fr.ac6.mcu.externaltools.arm-none.win32_1.17.0.201812190825/tools/compiler/bin/../lib/gcc/arm-none-eabi/7.3.1/../../../../arm-none-eabi/lib/thumb/v7-m\libc.a(lib_a-impure.o)
                              d:/programs/stm_ide/plugins/fr.ac6.mcu.externaltools.arm-none.win32_1.17.0.201812190825/tools/compiler/bin/../lib/gcc/arm-none-eabi/7.3.1/../../../../arm-none-eabi/lib/thumb/v7-m\libc.a(lib_a-exit.o) (_global_impure_ptr)
d:/programs/stm_ide/plugins/fr.ac6.mcu.externaltools.arm-none.win32_1.17.0.201812190825/tools/compiler/bin/../lib/gcc/arm-none-eabi/7.3.1/../../../../arm-none-eabi/lib/thumb/v7-m\libc.a(lib_a-init.o)
                              d:/programs/stm_ide/plugins/fr.ac6.mcu.externaltools.arm-none.win32_1.17.0.201812190825/tools/compiler/bin/../lib/gcc/arm-none-eabi/7.3.1/../../../../arm-none-eabi/lib/thumb/v7-m/crt0.o (__libc_init_array)
d:/programs/stm_ide/plugins/fr.ac6.mcu.externaltools.arm-none.win32_1.17.0.201812190825/tools/compiler/bin/../lib/gcc/arm-none-eabi/7.3.1/../../../../arm-none-eabi/lib/thumb/v7-m\libc.a(lib_a-memset.o)
                              d:/programs/stm_ide/plugins/fr.ac6.mcu.externaltools.arm-none.win32_1.17.0.201812190825/tools/compiler/bin/../lib/gcc/arm-none-eabi/7.3.1/../../../../arm-none-eabi/lib/thumb/v7-m/crt0.o (memset)
d:/programs/stm_ide/plugins/fr.ac6.mcu.externaltools.arm-none.win32_1.17.0.201812190825/tools/compiler/bin/../lib/gcc/arm-none-eabi/7.3.1/../../../../arm-none-eabi/lib/thumb/v7-m\libc.a(lib_a-printf.o)
                              src/uart.o (printf)
d:/programs/stm_ide/plugins/fr.ac6.mcu.externaltools.arm-none.win32_1.17.0.201812190825/tools/compiler/bin/../lib/gcc/arm-none-eabi/7.3.1/../../../../arm-none-eabi/lib/thumb/v7-m\libc.a(lib_a-puts.o)
                              src/uart.o (puts)
d:/programs/stm_ide/plugins/fr.ac6.mcu.externaltools.arm-none.win32_1.17.0.201812190825/tools/compiler/bin/../lib/gcc/arm-none-eabi/7.3.1/../../../../arm-none-eabi/lib/thumb/v7-m\libc.a(lib_a-strlen-stub.o)
                              d:/programs/stm_ide/plugins/fr.ac6.mcu.externaltools.arm-none.win32_1.17.0.201812190825/tools/compiler/bin/../lib/gcc/arm-none-eabi/7.3.1/../../../../arm-none-eabi/lib/thumb/v7-m\libc.a(lib_a-puts.o) (strlen)
d:/programs/stm_ide/plugins/fr.ac6.mcu.externaltools.arm-none.win32_1.17.0.201812190825/tools/compiler/bin/../lib/gcc/arm-none-eabi/7.3.1/../../../../arm-none-eabi/lib/thumb/v7-m\libc.a(lib_a-vfprintf.o)
                              d:/programs/stm_ide/plugins/fr.ac6.mcu.externaltools.arm-none.win32_1.17.0.201812190825/tools/compiler/bin/../lib/gcc/arm-none-eabi/7.3.1/../../../../arm-none-eabi/lib/thumb/v7-m\libc.a(lib_a-printf.o) (_vfprintf_r)
d:/programs/stm_ide/plugins/fr.ac6.mcu.externaltools.arm-none.win32_1.17.0.201812190825/tools/compiler/bin/../lib/gcc/arm-none-eabi/7.3.1/../../../../arm-none-eabi/lib/thumb/v7-m\libc.a(lib_a-wsetup.o)
                              d:/programs/stm_ide/plugins/fr.ac6.mcu.externaltools.arm-none.win32_1.17.0.201812190825/tools/compiler/bin/../lib/gcc/arm-none-eabi/7.3.1/../../../../arm-none-eabi/lib/thumb/v7-m\libc.a(lib_a-vfprintf.o) (__swsetup_r)
d:/programs/stm_ide/plugins/fr.ac6.mcu.externaltools.arm-none.win32_1.17.0.201812190825/tools/compiler/bin/../lib/gcc/arm-none-eabi/7.3.1/../../../../arm-none-eabi/lib/thumb/v7-m\libc.a(lib_a-__call_atexit.o)
[...]
Memory Configuration

Name             Origin             Length             Attributes
FLASH            0x08000000         0x00020000         xr
RAM              0x20000000         0x00005000         xrw
MEMORY_B1        0x60000000         0x00000000         xr
*default*        0x00000000         0xffffffff

Linker script and memory map

LOAD d:/programs/stm_ide/plugins/fr.ac6.mcu.externaltools.arm-none.win32_1.17.0.201812190825/tools/compiler/bin/../lib/gcc/arm-none-eabi/7.3.1/thumb/v7-m/crti.o
LOAD d:/programs/stm_ide/plugins/fr.ac6.mcu.externaltools.arm-none.win32_1.17.0.201812190825/tools/compiler/bin/../lib/gcc/arm-none-eabi/7.3.1/thumb/v7-m/crtbegin.o
LOAD d:/programs/stm_ide/plugins/fr.ac6.mcu.externaltools.arm-none.win32_1.17.0.201812190825/tools/compiler/bin/../lib/gcc/arm-none-eabi/7.3.1/../../../../arm-none-eabi/lib/thumb/v7-m/crt0.o
LOAD StdPeriph_Driver/src/misc.o
LOAD StdPeriph_Driver/src/stm32f10x_adc.o
LOAD StdPeriph_Driver/src/stm32f10x_bkp.o
LOAD StdPeriph_Driver/src/stm32f10x_can.o
LOAD StdPeriph_Driver/src/stm32f10x_cec.o
LOAD StdPeriph_Driver/src/stm32f10x_crc.o
LOAD StdPeriph_Driver/src/stm32f10x_dac.o
LOAD StdPeriph_Driver/src/stm32f10x_dbgmcu.o
LOAD StdPeriph_Driver/src/stm32f10x_dma.o
LOAD StdPeriph_Driver/src/stm32f10x_exti.o
LOAD StdPeriph_Driver/src/stm32f10x_flash.o
LOAD StdPeriph_Driver/src/stm32f10x_fsmc.o
LOAD StdPeriph_Driver/src/stm32f10x_gpio.o
LOAD StdPeriph_Driver/src/stm32f10x_i2c.o
LOAD StdPeriph_Driver/src/stm32f10x_iwdg.o
LOAD StdPeriph_Driver/src/stm32f10x_pwr.o
LOAD StdPeriph_Driver/src/stm32f10x_rcc.o
LOAD StdPeriph_Driver/src/stm32f10x_rtc.o
LOAD StdPeriph_Driver/src/stm32f10x_sdio.o
LOAD StdPeriph_Driver/src/stm32f10x_spi.o
LOAD StdPeriph_Driver/src/stm32f10x_tim.o
LOAD StdPeriph_Driver/src/stm32f10x_usart.o
LOAD StdPeriph_Driver/src/stm32f10x_wwdg.o
LOAD Utilities/STM32F1xx-Nucleo/stm32f1xx_nucleo.o
LOAD src/general.o
LOAD src/h_bridge.o
LOAD src/main.o
LOAD src/pwm_expander.o
LOAD src/pwm_expander_working.o
LOAD src/syscalls.o
LOAD src/system_stm32f10x.o
LOAD src/uart.o
LOAD startup/startup_stm32f10x_md.o
LOAD d:/programs/stm_ide/plugins/fr.ac6.mcu.externaltools.arm-none.win32_1.17.0.201812190825/tools/compiler/bin/../lib/gcc/arm-none-eabi/7.3.1/../../../../arm-none-eabi/lib/thumb/v7-m\libm.a
START GROUP
LOAD d:/programs/stm_ide/plugins/fr.ac6.mcu.externaltools.arm-none.win32_1.17.0.201812190825/tools/compiler/bin/../lib/gcc/arm-none-eabi/7.3.1/thumb/v7-m\libgcc.a
LOAD d:/programs/stm_ide/plugins/fr.ac6.mcu.externaltools.arm-none.win32_1.17.0.201812190825/tools/compiler/bin/../lib/gcc/arm-none-eabi/7.3.1/../../../../arm-none-eabi/lib/thumb/v7-m\libc.a
END GROUP
LOAD d:/programs/stm_ide/plugins/fr.ac6.mcu.externaltools.arm-none.win32_1.17.0.201812190825/tools/compiler/bin/../lib/gcc/arm-none-eabi/7.3.1/thumb/v7-m/crtend.o
LOAD d:/programs/stm_ide/plugins/fr.ac6.mcu.externaltools.arm-none.win32_1.17.0.201812190825/tools/compiler/bin/../lib/gcc/arm-none-eabi/7.3.1/thumb/v7-m/crtn.o
                0x20005000                _estack = 0x20005000
                0x00000000                _Min_Heap_Size = 0x0
                0x00000100                _Min_Stack_Size = 0x100

.isr_vector     0x08000000      0x10c
                0x08000000                . = ALIGN (0x4)
 *(.isr_vector)
 .isr_vector    0x08000000      0x10c startup/startup_stm32f10x_md.o
                0x08000000                g_pfnVectors
                0x0800010c                . = ALIGN (0x4)

.text           0x08000110     0x74dc
                0x08000110                . = ALIGN (0x4)
 *(.text)
 .text          0x08000110       0x40 d:/programs/stm_ide/plugins/fr.ac6.mcu.externaltools.arm-none.win32_1.17.0.201812190825/tools/compiler/bin/../lib/gcc/arm-none-eabi/7.3.1/thumb/v7-m/crtbegin.o
 .text          0x08000150      0x378 d:/programs/stm_ide/plugins/fr.ac6.mcu.externaltools.arm-none.win32_1.17.0.201812190825/tools/compiler/bin/../lib/gcc/arm-none-eabi/7.3.1/thumb/v7-m\libgcc.a(_arm_addsubdf3.o)
                0x08000150                __aeabi_drsub
                0x08000158                __aeabi_dsub
                0x08000158                __subdf3
                0x0800015c                __aeabi_dadd
                0x0800015c                __adddf3
                0x080003d4                __floatunsidf
                0x080003d4                __aeabi_ui2d
                0x080003f4                __floatsidf
                0x080003f4                __aeabi_i2d
                0x08000418                __aeabi_f2d
                0x08000418                __extendsfdf2
                0x0800045c                __floatundidf
                0x0800045c                __aeabi_ul2d
                0x0800046c                __floatdidf
                0x0800046c                __aeabi_l2d
 .text          0x080004c8      0x424 d:/programs/stm_ide/plugins/fr.ac6.mcu.externaltools.arm-none.win32_1.17.0.201812190825/tools/compiler/bin/../lib/gcc/arm-none-eabi/7.3.1/thumb/v7-m\libgcc.a(_arm_muldivdf3.o)
                0x080004c8                __aeabi_dmul
                0x080004c8                __muldf3
                0x0800071c                __divdf3
                0x0800071c                __aeabi_ddiv
 .text          0x080008ec       0x40 d:/programs/stm_ide/plugins/fr.ac6.mcu.externaltools.arm-none.win32_1.17.0.201812190825/tools/compiler/bin/../lib/gcc/arm-none-eabi/7.3.1/thumb/v7-m\libgcc.a(_arm_fixunsdfsi.o)
                0x080008ec                __aeabi_d2uiz
                0x080008ec                __fixunsdfsi
 .text          0x0800092c       0xec d:/programs/stm_ide/plugins/fr.ac6.mcu.externaltools.arm-none.win32_1.17.0.201812190825/tools/compiler/bin/../lib/gcc/arm-none-eabi/7.3.1/../../../../arm-none-eabi/lib/thumb/v7-m\libc.a(lib_a-memcpy.o)
                0x0800092c                memcpy
 .text          0x08000a18      0x110 d:/programs/stm_ide/plugins/fr.ac6.mcu.externaltools.arm-none.win32_1.17.0.201812190825/tools/compiler/bin/../lib/gcc/arm-none-eabi/7.3.1/thumb/v7-m\libgcc.a(_arm_cmpdf2.o)
                0x08000a18                __gtdf2
                0x08000a18                __gedf2
                0x08000a20                __ltdf2
                0x08000a20                __ledf2
                0x08000a28                __nedf2
                0x08000a28                __eqdf2
                0x08000a28                __cmpdf2
                0x08000aa4                __aeabi_cdrcmple
                0x08000ab4                __aeabi_cdcmpeq
                0x08000ab4                __aeabi_cdcmple
                0x08000ac4                __aeabi_dcmpeq
                0x08000ad8                __aeabi_dcmplt
                0x08000aec                __aeabi_dcmple
                0x08000b00                __aeabi_dcmpge
                0x08000b14                __aeabi_dcmpgt
 .text          0x08000b28       0x2c d:/programs/stm_ide/plugins/fr.ac6.mcu.externaltools.arm-none.win32_1.17.0.201812190825/tools/compiler/bin/../lib/gcc/arm-none-eabi/7.3.1/thumb/v7-m\libgcc.a(_arm_unorddf2.o)
                0x08000b28                __unorddf2
                0x08000b28                __aeabi_dcmpun
 .text          0x08000b54       0x50 d:/programs/stm_ide/plugins/fr.ac6.mcu.externaltools.arm-none.win32_1.17.0.201812190825/tools/compiler/bin/../lib/gcc/arm-none-eabi/7.3.1/thumb/v7-m\libgcc.a(_arm_fixdfsi.o)
                0x08000b54                __aeabi_d2iz
                0x08000b54                __fixdfsi
 .text          0x08000ba4       0x30 d:/programs/stm_ide/plugins/fr.ac6.mcu.externaltools.arm-none.win32_1.17.0.201812190825/tools/compiler/bin/../lib/gcc/arm-none-eabi/7.3.1/thumb/v7-m\libgcc.a(_aeabi_uldivmod.o)
                0x08000ba4                __aeabi_uldivmod
 .text          0x08000bd4      0x2d0 d:/programs/stm_ide/plugins/fr.ac6.mcu.externaltools.arm-none.win32_1.17.0.201812190825/tools/compiler/bin/../lib/gcc/arm-none-eabi/7.3.1/thumb/v7-m\libgcc.a(_udivmoddi4.o)
                0x08000bd4                __udivmoddi4
 .text          0x08000ea4        0x4 d:/programs/stm_ide/plugins/fr.ac6.mcu.externaltools.arm-none.win32_1.17.0.201812190825/tools/compiler/bin/../lib/gcc/arm-none-eabi/7.3.1/thumb/v7-m\libgcc.a(_dvmd_tls.o)
                0x08000ea4                __aeabi_idiv0
                0x08000ea4                __aeabi_ldiv0
 *(.text*)
 .text.NVIC_Init
                0x08000ea8       0xc4 StdPeriph_Driver/src/misc.o
                0x08000ea8                NVIC_Init
 .text.GPIO_Init
                0x08000f6c      0x178 StdPeriph_Driver/src/stm32f10x_gpio.o
                0x08000f6c                GPIO_Init
 .text.GPIO_StructInit
                0x080010e4       0x26 StdPeriph_Driver/src/stm32f10x_gpio.o
                0x080010e4                GPIO_StructInit
 .text.GPIO_ReadOutputDataBit
                0x0800110a       0x32 StdPeriph_Driver/src/stm32f10x_gpio.o
                0x0800110a                GPIO_ReadOutputDataBit
 .text.GPIO_SetBits
                0x0800113c       0x1c StdPeriph_Driver/src/stm32f10x_gpio.o
                0x0800113c                GPIO_SetBits
 .text.GPIO_ResetBits
                0x08001158       0x1c StdPeriph_Driver/src/stm32f10x_gpio.o
                0x08001158                GPIO_ResetBits
 .text.I2C_Init
                0x08001174      0x184 StdPeriph_Driver/src/stm32f10x_i2c.o
                0x08001174                I2C_Init
 .text.I2C_StructInit
                0x080012f8       0x3c StdPeriph_Driver/src/stm32f10x_i2c.o
                0x080012f8                I2C_StructInit
 .text.I2C_Cmd  0x08001334       0x3e StdPeriph_Driver/src/stm32f10x_i2c.o
                0x08001334                I2C_Cmd
 .text.I2C_GenerateSTART
                0x08001372       0x3e StdPeriph_Driver/src/stm32f10x_i2c.o
                0x08001372                I2C_GenerateSTART
 .text.I2C_GenerateSTOP
                0x080013b0       0x3e StdPeriph_Driver/src/stm32f10x_i2c.o
                0x080013b0                I2C_GenerateSTOP
 .text.I2C_SendData
                0x080013ee       0x1e StdPeriph_Driver/src/stm32f10x_i2c.o
                0x080013ee                I2C_SendData
 .text.I2C_Send7bitAddress
                0x0800140c       0x3a StdPeriph_Driver/src/stm32f10x_i2c.o
                0x0800140c                I2C_Send7bitAddress
 .text.I2C_CheckEvent
                0x08001446       0x5e StdPeriph_Driver/src/stm32f10x_i2c.o
                0x08001446                I2C_CheckEvent
 .text.RCC_GetClocksFreq
                0x080014a4      0x160 StdPeriph_Driver/src/stm32f10x_rcc.o
                0x080014a4                RCC_GetClocksFreq
 .text.RCC_APB2PeriphClockCmd
                0x08001604       0x3c StdPeriph_Driver/src/stm32f10x_rcc.o
                0x08001604                RCC_APB2PeriphClockCmd
 .text.RCC_APB1PeriphClockCmd
                0x08001640       0x3c StdPeriph_Driver/src/stm32f10x_rcc.o
                0x08001640                RCC_APB1PeriphClockCmd
 .text.TIM_GetITStatus
                0x0800167c       0x52 StdPeriph_Driver/src/stm32f10x_tim.o
                0x0800167c                TIM_GetITStatus
 .text.TIM_ClearITPendingBit
                0x080016ce       0x20 StdPeriph_Driver/src/stm32f10x_tim.o
                0x080016ce                TIM_ClearITPendingBit
 *fill*         0x080016ee        0x2 
 .text.USART_Init
                0x080016f0      0x174 StdPeriph_Driver/src/stm32f10x_usart.o
                0x080016f0                USART_Init
 .text.USART_StructInit
                0x08001864       0x38 StdPeriph_Driver/src/stm32f10x_usart.o
                0x08001864                USART_StructInit
 .text.USART_Cmd
                0x0800189c       0x3e StdPeriph_Driver/src/stm32f10x_usart.o
                0x0800189c                USART_Cmd
 .text.USART_ITConfig
                0x080018da       0x8e StdPeriph_Driver/src/stm32f10x_usart.o
                0x080018da                USART_ITConfig
 .text.USART_SendData
                0x08001968       0x22 StdPeriph_Driver/src/stm32f10x_usart.o
                0x08001968                USART_SendData
 .text.USART_ReceiveData
                0x0800198a       0x1e StdPeriph_Driver/src/stm32f10x_usart.o
                0x0800198a                USART_ReceiveData
 .text.USART_GetFlagStatus
                0x080019a8       0x36 StdPeriph_Driver/src/stm32f10x_usart.o
                0x080019a8                USART_GetFlagStatus
 .text.USART_ClearITPendingBit
                0x080019de       0x38 StdPeriph_Driver/src/stm32f10x_usart.o
                0x080019de                USART_ClearITPendingBit
 .text.constraint
                0x08001a16       0x30 src/general.o
                0x08001a16                constraint
 *fill*         0x08001a46        0x2 
 .text.SysTick_Handler
                0x08001a48       0x24 src/general.o
                0x08001a48                SysTick_Handler
 .text.delay_ms
                0x08001a6c       0x28 src/general.o
                0x08001a6c                delay_ms
 .text.TIM2_IRQHandler
                0x08001a94       0x48 src/h_bridge.o
                0x08001a94                TIM2_IRQHandler
 .text.step1    0x08001adc      0x100 src/main.o
                0x08001adc                step1
 .text.step2    0x08001bdc      0x100 src/main.o
                0x08001bdc                step2
 .text.step3    0x08001cdc      0x100 src/main.o
                0x08001cdc                step3
 .text.step4    0x08001ddc      0x100 src/main.o
                0x08001ddc                step4
 .text.main     0x08001edc       0x70 src/main.o
                0x08001edc                main
 .text.NVIC_SetPriority
                0x08001f4c       0x54 src/pwm_expander.o
 .text.SysTick_Config
                0x08001fa0       0x44 src/pwm_expander.o
 .text.i2c_set_addr
                0x08001fe4       0x74 src/pwm_expander.o
                0x08001fe4                i2c_set_addr
 .text.i2c_write
                0x08002058       0x68 src/pwm_expander.o
                0x08002058                i2c_write
 .text.pca9685_config
                0x080020c0       0x48 src/pwm_expander.o
                0x080020c0                pca9685_config
 .text.set_servo_angle
                0x08002108       0xc0 src/pwm_expander.o
                0x08002108                set_servo_angle
 .text.init_pca9685
                0x080021c8       0xa0 src/pwm_expander.o
                0x080021c8                init_pca9685
 .text._read    0x08002268       0x3a src/syscalls.o
                0x08002268                _read
 .text._write   0x080022a2       0x38 src/syscalls.o
                0x080022a2                _write
 *fill*         0x080022da        0x2 
 .text._sbrk    0x080022dc       0x58 src/syscalls.o
                0x080022dc                _sbrk
 .text._close   0x08002334       0x16 src/syscalls.o
                0x08002334                _close
 .text._fstat   0x0800234a       0x1e src/syscalls.o
                0x0800234a                _fstat
 .text._isatty  0x08002368       0x14 src/syscalls.o
                0x08002368                _isatty
 .text._lseek   0x0800237c       0x18 src/syscalls.o
                0x0800237c                _lseek
 .text.SystemInit
                0x08002394       0x68 src/system_stm32f10x.o
                0x08002394                SystemInit
 .text.SetSysClock
                0x080023fc       0xb8 src/system_stm32f10x.o
 .text.init_uart2
                0x080024b4       0xa8 src/uart.o
                0x080024b4                init_uart2
 .text.send_char
                0x0800255c       0x34 src/uart.o
                0x0800255c                send_char
 .text.read_char
                0x08002590       0x28 src/uart.o
                0x08002590                read_char
 .text.__io_putchar
                0x080025b8       0x28 src/uart.o
                0x080025b8                __io_putchar
 .text.USART2_IRQHandler
                0x080025e0       0xfc src/uart.o
                0x080025e0                USART2_IRQHandler
 .text.Reset_Handler
                0x080026dc       0x48 startup/startup_stm32f10x_md.o
                0x080026dc                Reset_Handler
 .text.Default_Handler
                0x08002724        0x2 startup/startup_stm32f10x_md.o
                0x08002724                EXTI2_IRQHandler
                0x08002724                DebugMon_Handler
                0x08002724                TIM1_CC_IRQHandler
                0x08002724                HardFault_Handler
                0x08002724                PVD_IRQHandler
                0x08002724                PendSV_Handler
                0x08002724                NMI_Handler
                0x08002724                EXTI3_IRQHandler
                0x08002724                EXTI0_IRQHandler
                0x08002724                I2C2_EV_IRQHandler
                0x08002724                UsageFault_Handler
                0x08002724                ADC1_2_IRQHandler
                0x08002724                SPI1_IRQHandler
                0x08002724                TAMPER_IRQHandler
                0x08002724                DMA1_Channel4_IRQHandler
                0x08002724                USART3_IRQHandler
                0x08002724                RTC_IRQHandler
                0x08002724                DMA1_Channel7_IRQHandler
                0x08002724                CAN1_RX1_IRQHandler
                0x08002724                TIM4_IRQHandler
                0x08002724                I2C1_EV_IRQHandler
                0x08002724                DMA1_Channel6_IRQHandler
                0x08002724                TIM3_IRQHandler
                0x08002724                RCC_IRQHandler
                0x08002724                TIM1_TRG_COM_IRQHandler
                0x08002724                DMA1_Channel1_IRQHandler
                0x08002724                Default_Handler
                0x08002724                EXTI15_10_IRQHandler
                0x08002724                EXTI9_5_IRQHandler
                0x08002724                SPI2_IRQHandler
                0x08002724                MemManage_Handler
                0x08002724                SVC_Handler
                0x08002724                DMA1_Channel5_IRQHandler
                0x08002724                EXTI4_IRQHandler
                0x08002724                USB_LP_CAN1_RX0_IRQHandler
                0x08002724                USB_HP_CAN1_TX_IRQHandler
                0x08002724                DMA1_Channel3_IRQHandler
                0x08002724                TIM1_UP_IRQHandler
                0x08002724                WWDG_IRQHandler
                0x08002724                TIM1_BRK_IRQHandler
                0x08002724                EXTI1_IRQHandler
                0x08002724                RTCAlarm_IRQHandler
                0x08002724                I2C2_ER_IRQHandler
                0x08002724                DMA1_Channel2_IRQHandler
                0x08002724                CAN1_SCE_IRQHandler
                0x08002724                FLASH_IRQHandler
                0x08002724                BusFault_Handler
                0x08002724                USART1_IRQHandler
                0x08002724                I2C1_ER_IRQHandler
                0x08002724                USBWakeUp_IRQHandler
 *fill*         0x08002726        0x2 
 .text.__errno  0x08002728        0xc d:/programs/stm_ide/plugins/fr.ac6.mcu.externaltools.arm-none.win32_1.17.0.201812190825/tools/compiler/bin/../lib/gcc/arm-none-eabi/7.3.1/../../../../arm-none-eabi/lib/thumb/v7-m\libc.a(lib_a-errno.o)
                0x08002728                __errno
 .text.__libc_init_array
                0x08002734       0x48 d:/programs/stm_ide/plugins/fr.ac6.mcu.externaltools.arm-none.win32_1.17.0.201812190825/tools/compiler/bin/../lib/gcc/arm-none-eabi/7.3.1/../../../../arm-none-eabi/lib/thumb/v7-m\libc.a(lib_a-init.o)
                0x08002734                __libc_init_array
 .text.memset   0x0800277c       0x94 d:/programs/stm_ide/plugins/fr.ac6.mcu.externaltools.arm-none.win32_1.17.0.201812190825/tools/compiler/bin/../lib/gcc/arm-none-eabi/7.3.1/../../../../arm-none-eabi/lib/thumb/v7-m\libc.a(lib_a-memset.o)
                0x0800277c                memset
 .text.printf   0x08002810       0x28 d:/programs/stm_ide/plugins/fr.ac6.mcu.externaltools.arm-none.win32_1.17.0.201812190825/tools/compiler/bin/../lib/gcc/arm-none-eabi/7.3.1/../../../../arm-none-eabi/lib/thumb/v7-m\libc.a(lib_a-printf.o)
                0x08002810                printf
 .text._puts_r  0x08002838       0x9c d:/programs/stm_ide/plugins/fr.ac6.mcu.externaltools.arm-none.win32_1.17.0.201812190825/tools/compiler/bin/../lib/gcc/arm-none-eabi/7.3.1/../../../../arm-none-eabi/lib/thumb/v7-m\libc.a(lib_a-puts.o)
                0x08002838                _puts_r
 .text.puts     0x080028d4       0x10 d:/programs/stm_ide/plugins/fr.ac6.mcu.externaltools.arm-none.win32_1.17.0.201812190825/tools/compiler/bin/../lib/gcc/arm-none-eabi/7.3.1/../../../../arm-none-eabi/lib/thumb/v7-m\libc.a(lib_a-puts.o)
                0x080028d4                puts
 .text.strlen   0x080028e4       0x5c d:/programs/stm_ide/plugins/fr.ac6.mcu.externaltools.arm-none.win32_1.17.0.201812190825/tools/compiler/bin/../lib/gcc/arm-none-eabi/7.3.1/../../../../arm-none-eabi/lib/thumb/v7-m\libc.a(lib_a-strlen-stub.o)
                0x080028e4                strlen
 .text._vfprintf_r
                0x08002940     0x1ac0 d:/programs/stm_ide/plugins/fr.ac6.mcu.externaltools.arm-none.win32_1.17.0.201812190825/tools/compiler/bin/../lib/gcc/arm-none-eabi/7.3.1/../../../../arm-none-eabi/lib/thumb/v7-m\libc.a(lib_a-vfprintf.o)
                0x08002940                _vfprintf_r
 .text.__sbprintf
                0x08004400       0x88 d:/programs/stm_ide/plugins/fr.ac6.mcu.externaltools.arm-none.win32_1.17.0.201812190825/tools/compiler/bin/../lib/gcc/arm-none-eabi/7.3.1/../../../../arm-none-eabi/lib/thumb/v7-m\libc.a(lib_a-vfprintf.o)
 .text.__swsetup_r
                0x08004488       0xcc d:/programs/stm_ide/plugins/fr.ac6.mcu.externaltools.arm-none.win32_1.17.0.201812190825/tools/compiler/bin/../lib/gcc/arm-none-eabi/7.3.1/../../../../arm-none-eabi/lib/thumb/v7-m\libc.a(lib_a-wsetup.o)
                0x08004488                __swsetup_r
 .text.startup.register_fini
                0x08004554       0x14 d:/programs/stm_ide/plugins/fr.ac6.mcu.externaltools.arm-none.win32_1.17.0.201812190825/tools/compiler/bin/../lib/gcc/arm-none-eabi/7.3.1/../../../../arm-none-eabi/lib/thumb/v7-m\libc.a(lib_a-__call_atexit.o)
 .text.atexit   0x08004568        0xc d:/programs/stm_ide/plugins/fr.ac6.mcu.externaltools.arm-none.win32_1.17.0.201812190825/tools/compiler/bin/../lib/gcc/arm-none-eabi/7.3.1/../../../../arm-none-eabi/lib/thumb/v7-m\libc.a(lib_a-atexit.o)
                0x08004568                atexit
 .text.quorem   0x08004574      0x124 d:/programs/stm_ide/plugins/fr.ac6.mcu.externaltools.arm-none.win32_1.17.0.201812190825/tools/compiler/bin/../lib/gcc/arm-none-eabi/7.3.1/../../../../arm-none-eabi/lib/thumb/v7-m\libc.a(lib_a-dtoa.o)
 .text._dtoa_r  0x08004698      0xe30 d:/programs/stm_ide/plugins/fr.ac6.mcu.externaltools.arm-none.win32_1.17.0.201812190825/tools/compiler/bin/../lib/gcc/arm-none-eabi/7.3.1/../../../../arm-none-eabi/lib/thumb/v7-m\libc.a(lib_a-dtoa.o)
                0x08004698                _dtoa_r
 .text.__sflush_r
                0x080054c8      0x154 d:/programs/stm_ide/plugins/fr.ac6.mcu.externaltools.arm-none.win32_1.17.0.201812190825/tools/compiler/bin/../lib/gcc/arm-none-eabi/7.3.1/../../../../arm-none-eabi/lib/thumb/v7-m\libc.a(lib_a-fflush.o)
                0x080054c8                __sflush_r
 .text._fflush_r
                0x0800561c       0x5c d:/programs/stm_ide/plugins/fr.ac6.mcu.externaltools.arm-none.win32_1.17.0.201812190825/tools/compiler/bin/../lib/gcc/arm-none-eabi/7.3.1/../../../../arm-none-eabi/lib/thumb/v7-m\libc.a(lib_a-fflush.o)
                0x0800561c                _fflush_r
 .text.std      0x08005678       0x50 d:/programs/stm_ide/plugins/fr.ac6.mcu.externaltools.arm-none.win32_1.17.0.201812190825/tools/compiler/bin/../lib/gcc/arm-none-eabi/7.3.1/../../../../arm-none-eabi/lib/thumb/v7-m\libc.a(lib_a-findfp.o)
 .text._cleanup_r
                0x080056c8        0xc d:/programs/stm_ide/plugins/fr.ac6.mcu.externaltools.arm-none.win32_1.17.0.201812190825/tools/compiler/bin/../lib/gcc/arm-none-eabi/7.3.1/../../../../arm-none-eabi/lib/thumb/v7-m\libc.a(lib_a-findfp.o)
                0x080056c8                _cleanup_r
 .text.__sinit  0x080056d4       0x60 d:/programs/stm_ide/plugins/fr.ac6.mcu.externaltools.arm-none.win32_1.17.0.201812190825/tools/compiler/bin/../lib/gcc/arm-none-eabi/7.3.1/../../../../arm-none-eabi/lib/thumb/v7-m\libc.a(lib_a-findfp.o)
                0x080056d4                __sinit
 .text.__sfp_lock_acquire
                0x08005734        0xc d:/programs/stm_ide/plugins/fr.ac6.mcu.externaltools.arm-none.win32_1.17.0.201812190825/tools/compiler/bin/../lib/gcc/arm-none-eabi/7.3.1/../../../../arm-none-eabi/lib/thumb/v7-m\libc.a(lib_a-findfp.o)
                0x08005734                __sfp_lock_acquire
 .text.__sfp_lock_release
                0x08005740        0xc d:/programs/stm_ide/plugins/fr.ac6.mcu.externaltools.arm-none.win32_1.17.0.201812190825/tools/compiler/bin/../lib/gcc/arm-none-eabi/7.3.1/../../../../arm-none-eabi/lib/thumb/v7-m\libc.a(lib_a-findfp.o)
                0x08005740                __sfp_lock_release
 .text.__libc_fini_array
                0x0800574c       0x34 d:/programs/stm_ide/plugins/fr.ac6.mcu.externaltools.arm-none.win32_1.17.0.201812190825/tools/compiler/bin/../lib/gcc/arm-none-eabi/7.3.1/../../../../arm-none-eabi/lib/thumb/v7-m\libc.a(lib_a-fini.o)
                0x0800574c                __libc_fini_array
 .text._malloc_trim_r
                0x08005780       0xa0 d:/programs/stm_ide/plugins/fr.ac6.mcu.externaltools.arm-none.win32_1.17.0.201812190825/tools/compiler/bin/../lib/gcc/arm-none-eabi/7.3.1/../../../../arm-none-eabi/lib/thumb/v7-m\libc.a(lib_a-freer.o)
                0x08005780                _malloc_trim_r
 .text._free_r  0x08005820      0x1e8 d:/programs/stm_ide/plugins/fr.ac6.mcu.externaltools.arm-none.win32_1.17.0.201812190825/tools/compiler/bin/../lib/gcc/arm-none-eabi/7.3.1/../../../../arm-none-eabi/lib/thumb/v7-m\libc.a(lib_a-freer.o)
                0x08005820                _free_r
 .text.__sfvwrite_r
                0x08005a08      0x2f4 d:/programs/stm_ide/plugins/fr.ac6.mcu.externaltools.arm-none.win32_1.17.0.201812190825/tools/compiler/bin/../lib/gcc/arm-none-eabi/7.3.1/../../../../arm-none-eabi/lib/thumb/v7-m\libc.a(lib_a-fvwrite.o)
                0x08005a08                __sfvwrite_r
 .text._fwalk_reent
                0x08005cfc       0x50 d:/programs/stm_ide/plugins/fr.ac6.mcu.externaltools.arm-none.win32_1.17.0.201812190825/tools/compiler/bin/../lib/gcc/arm-none-eabi/7.3.1/../../../../arm-none-eabi/lib/thumb/v7-m\libc.a(lib_a-fwalk.o)
                0x08005cfc                _fwalk_reent
 .text._localeconv_r
                0x08005d4c       0x1c d:/programs/stm_ide/plugins/fr.ac6.mcu.externaltools.arm-none.win32_1.17.0.201812190825/tools/compiler/bin/../lib/gcc/arm-none-eabi/7.3.1/../../../../arm-none-eabi/lib/thumb/v7-m\libc.a(lib_a-localeconv.o)
                0x08005d4c                _localeconv_r
 .text.__retarget_lock_init_recursive
                0x08005d68        0x4 d:/programs/stm_ide/plugins/fr.ac6.mcu.externaltools.arm-none.win32_1.17.0.201812190825/tools/compiler/bin/../lib/gcc/arm-none-eabi/7.3.1/../../../../arm-none-eabi/lib/thumb/v7-m\libc.a(lib_a-lock.o)
                0x08005d68                __retarget_lock_init_recursive
 .text.__retarget_lock_close_recursive
                0x08005d6c        0x4 d:/programs/stm_ide/plugins/fr.ac6.mcu.externaltools.arm-none.win32_1.17.0.201812190825/tools/compiler/bin/../lib/gcc/arm-none-eabi/7.3.1/../../../../arm-none-eabi/lib/thumb/v7-m\libc.a(lib_a-lock.o)
                0x08005d6c                __retarget_lock_close_recursive
 .text.__retarget_lock_acquire_recursive
                0x08005d70        0x4 d:/programs/stm_ide/plugins/fr.ac6.mcu.externaltools.arm-none.win32_1.17.0.201812190825/tools/compiler/bin/../lib/gcc/arm-none-eabi/7.3.1/../../../../arm-none-eabi/lib/thumb/v7-m\libc.a(lib_a-lock.o)
                0x08005d70                __retarget_lock_acquire_recursive
 .text.__retarget_lock_release_recursive
                0x08005d74        0x4 d:/programs/stm_ide/plugins/fr.ac6.mcu.externaltools.arm-none.win32_1.17.0.201812190825/tools/compiler/bin/../lib/gcc/arm-none-eabi/7.3.1/../../../../arm-none-eabi/lib/thumb/v7-m\libc.a(lib_a-lock.o)
                0x08005d74                __retarget_lock_release_recursive
 .text.__swhatbuf_r
                0x08005d78       0x5c d:/programs/stm_ide/plugins/fr.ac6.mcu.externaltools.arm-none.win32_1.17.0.201812190825/tools/compiler/bin/../lib/gcc/arm-none-eabi/7.3.1/../../../../arm-none-eabi/lib/thumb/v7-m\libc.a(lib_a-makebuf.o)
                0x08005d78                __swhatbuf_r
 .text.__smakebuf_r
                0x08005dd4       0x94 d:/programs/stm_ide/plugins/fr.ac6.mcu.externaltools.arm-none.win32_1.17.0.201812190825/tools/compiler/bin/../lib/gcc/arm-none-eabi/7.3.1/../../../../arm-none-eabi/lib/thumb/v7-m\libc.a(lib_a-makebuf.o)
                0x08005dd4                __smakebuf_r
 .text._malloc_r
                0x08005e68      0x524 d:/programs/stm_ide/plugins/fr.ac6.mcu.externaltools.arm-none.win32_1.17.0.201812190825/tools/compiler/bin/../lib/gcc/arm-none-eabi/7.3.1/../../../../arm-none-eabi/lib/thumb/v7-m\libc.a(lib_a-mallocr.o)
                0x08005e68                _malloc_r
 .text.memchr   0x0800638c       0x8c d:/programs/stm_ide/plugins/fr.ac6.mcu.externaltools.arm-none.win32_1.17.0.201812190825/tools/compiler/bin/../lib/gcc/arm-none-eabi/7.3.1/../../../../arm-none-eabi/lib/thumb/v7-m\libc.a(lib_a-memchr-stub.o)
                0x0800638c                memchr
 .text.memmove  0x08006418       0xc4 d:/programs/stm_ide/plugins/fr.ac6.mcu.externaltools.arm-none.win32_1.17.0.201812190825/tools/compiler/bin/../lib/gcc/arm-none-eabi/7.3.1/../../../../arm-none-eabi/lib/thumb/v7-m\libc.a(lib_a-memmove.o)
                0x08006418                memmove
 .text.__malloc_lock
                0x080064dc        0xc d:/programs/stm_ide/plugins/fr.ac6.mcu.externaltools.arm-none.win32_1.17.0.201812190825/tools/compiler/bin/../lib/gcc/arm-none-eabi/7.3.1/../../../../arm-none-eabi/lib/thumb/v7-m\libc.a(lib_a-mlock.o)
                0x080064dc                __malloc_lock
 .text.__malloc_unlock
                0x080064e8        0xc d:/programs/stm_ide/plugins/fr.ac6.mcu.externaltools.arm-none.win32_1.17.0.201812190825/tools/compiler/bin/../lib/gcc/arm-none-eabi/7.3.1/../../../../arm-none-eabi/lib/thumb/v7-m\libc.a(lib_a-mlock.o)
                0x080064e8                __malloc_unlock
 .text._Balloc  0x080064f4       0x4c d:/programs/stm_ide/plugins/fr.ac6.mcu.externaltools.arm-none.win32_1.17.0.201812190825/tools/compiler/bin/../lib/gcc/arm-none-eabi/7.3.1/../../../../arm-none-eabi/lib/thumb/v7-m\libc.a(lib_a-mprec.o)
                0x080064f4                _Balloc
 .text._Bfree   0x08006540       0x14 d:/programs/stm_ide/plugins/fr.ac6.mcu.externaltools.arm-none.win32_1.17.0.201812190825/tools/compiler/bin/../lib/gcc/arm-none-eabi/7.3.1/../../../../arm-none-eabi/lib/thumb/v7-m\libc.a(lib_a-mprec.o)
                0x08006540                _Bfree
 .text.__multadd
                0x08006554       0x84 d:/programs/stm_ide/plugins/fr.ac6.mcu.externaltools.arm-none.win32_1.17.0.201812190825/tools/compiler/bin/../lib/gcc/arm-none-eabi/7.3.1/../../../../arm-none-eabi/lib/thumb/v7-m\libc.a(lib_a-mprec.o)
                0x08006554                __multadd
 .text.__hi0bits
                0x080065d8       0x40 d:/programs/stm_ide/plugins/fr.ac6.mcu.externaltools.arm-none.win32_1.17.0.201812190825/tools/compiler/bin/../lib/gcc/arm-none-eabi/7.3.1/../../../../arm-none-eabi/lib/thumb/v7-m\libc.a(lib_a-mprec.o)
                0x080065d8                __hi0bits
 .text.__lo0bits
                0x08006618       0x60 d:/programs/stm_ide/plugins/fr.ac6.mcu.externaltools.arm-none.win32_1.17.0.201812190825/tools/compiler/bin/../lib/gcc/arm-none-eabi/7.3.1/../../../../arm-none-eabi/lib/thumb/v7-m\libc.a(lib_a-mprec.o)
                0x08006618                __lo0bits
 .text.__i2b    0x08006678       0x14 d:/programs/stm_ide/plugins/fr.ac6.mcu.externaltools.arm-none.win32_1.17.0.201812190825/tools/compiler/bin/../lib/gcc/arm-none-eabi/7.3.1/../../../../arm-none-eabi/lib/thumb/v7-m\libc.a(lib_a-mprec.o)
                0x08006678                __i2b
 .text.__multiply
                0x0800668c      0x14c d:/programs/stm_ide/plugins/fr.ac6.mcu.externaltools.arm-none.win32_1.17.0.201812190825/tools/compiler/bin/../lib/gcc/arm-none-eabi/7.3.1/../../../../arm-none-eabi/lib/thumb/v7-m\libc.a(lib_a-mprec.o)
                0x0800668c                __multiply
 .text.__pow5mult
                0x080067d8       0xa0 d:/programs/stm_ide/plugins/fr.ac6.mcu.externaltools.arm-none.win32_1.17.0.201812190825/tools/compiler/bin/../lib/gcc/arm-none-eabi/7.3.1/../../../../arm-none-eabi/lib/thumb/v7-m\libc.a(lib_a-mprec.o)
                0x080067d8                __pow5mult
 .text.__lshift
                0x08006878       0xb4 d:/programs/stm_ide/plugins/fr.ac6.mcu.externaltools.arm-none.win32_1.17.0.201812190825/tools/compiler/bin/../lib/gcc/arm-none-eabi/7.3.1/../../../../arm-none-eabi/lib/thumb/v7-m\libc.a(lib_a-mprec.o)
                0x08006878                __lshift
 .text.__mcmp   0x0800692c       0x38 d:/programs/stm_ide/plugins/fr.ac6.mcu.externaltools.arm-none.win32_1.17.0.201812190825/tools/compiler/bin/../lib/gcc/arm-none-eabi/7.3.1/../../../../arm-none-eabi/lib/thumb/v7-m\libc.a(lib_a-mprec.o)
                0x0800692c                __mcmp
 .text.__mdiff  0x08006964      0x100 d:/programs/stm_ide/plugins/fr.ac6.mcu.externaltools.arm-none.win32_1.17.0.201812190825/tools/compiler/bin/../lib/gcc/arm-none-eabi/7.3.1/../../../../arm-none-eabi/lib/thumb/v7-m\libc.a(lib_a-mprec.o)
                0x08006964                __mdiff
 .text.__d2b    0x08006a64       0xb0 d:/programs/stm_ide/plugins/fr.ac6.mcu.externaltools.arm-none.win32_1.17.0.201812190825/tools/compiler/bin/../lib/gcc/arm-none-eabi/7.3.1/../../../../arm-none-eabi/lib/thumb/v7-m\libc.a(lib_a-mprec.o)
                0x08006a64                __d2b
 .text._realloc_r
                0x08006b14      0x374 d:/programs/stm_ide/plugins/fr.ac6.mcu.externaltools.arm-none.win32_1.17.0.201812190825/tools/compiler/bin/../lib/gcc/arm-none-eabi/7.3.1/../../../../arm-none-eabi/lib/thumb/v7-m\libc.a(lib_a-reallocr.o)
                0x08006b14                _realloc_r
 .text.frexp    0x08006e88       0x64 d:/programs/stm_ide/plugins/fr.ac6.mcu.externaltools.arm-none.win32_1.17.0.201812190825/tools/compiler/bin/../lib/gcc/arm-none-eabi/7.3.1/../../../../arm-none-eabi/lib/thumb/v7-m\libc.a(lib_a-s_frexp.o)
                0x08006e88                frexp
 .text._sbrk_r  0x08006eec       0x24 d:/programs/stm_ide/plugins/fr.ac6.mcu.externaltools.arm-none.win32_1.17.0.201812190825/tools/compiler/bin/../lib/gcc/arm-none-eabi/7.3.1/../../../../arm-none-eabi/lib/thumb/v7-m\libc.a(lib_a-sbrkr.o)
                0x08006eec                _sbrk_r
 .text.__sread  0x08006f10       0x24 d:/programs/stm_ide/plugins/fr.ac6.mcu.externaltools.arm-none.win32_1.17.0.201812190825/tools/compiler/bin/../lib/gcc/arm-none-eabi/7.3.1/../../../../arm-none-eabi/lib/thumb/v7-m\libc.a(lib_a-stdio.o)
                0x08006f10                __sread
 .text.__swrite
                0x08006f34       0x3c d:/programs/stm_ide/plugins/fr.ac6.mcu.externaltools.arm-none.win32_1.17.0.201812190825/tools/compiler/bin/../lib/gcc/arm-none-eabi/7.3.1/../../../../arm-none-eabi/lib/thumb/v7-m\libc.a(lib_a-stdio.o)
                0x08006f34                __swrite
 .text.__sseek  0x08006f70       0x20 d:/programs/stm_ide/plugins/fr.ac6.mcu.externaltools.arm-none.win32_1.17.0.201812190825/tools/compiler/bin/../lib/gcc/arm-none-eabi/7.3.1/../../../../arm-none-eabi/lib/thumb/v7-m\libc.a(lib_a-stdio.o)
                0x08006f70                __sseek
 .text.__sclose
                0x08006f90        0x8 d:/programs/stm_ide/plugins/fr.ac6.mcu.externaltools.arm-none.win32_1.17.0.201812190825/tools/compiler/bin/../lib/gcc/arm-none-eabi/7.3.1/../../../../arm-none-eabi/lib/thumb/v7-m\libc.a(lib_a-stdio.o)
                0x08006f90                __sclose
 .text.strncpy  0x08006f98       0x64 d:/programs/stm_ide/plugins/fr.ac6.mcu.externaltools.arm-none.win32_1.17.0.201812190825/tools/compiler/bin/../lib/gcc/arm-none-eabi/7.3.1/../../../../arm-none-eabi/lib/thumb/v7-m\libc.a(lib_a-strncpy.o)
                0x08006f98                strncpy
 .text.__sprint_r.part.0
                0x08006ffc       0x78 d:/programs/stm_ide/plugins/fr.ac6.mcu.externaltools.arm-none.win32_1.17.0.201812190825/tools/compiler/bin/../lib/gcc/arm-none-eabi/7.3.1/../../../../arm-none-eabi/lib/thumb/v7-m\libc.a(lib_a-vfiprintf.o)
 .text.__sprint_r
                0x08007074       0x14 d:/programs/stm_ide/plugins/fr.ac6.mcu.externaltools.arm-none.win32_1.17.0.201812190825/tools/compiler/bin/../lib/gcc/arm-none-eabi/7.3.1/../../../../arm-none-eabi/lib/thumb/v7-m\libc.a(lib_a-vfiprintf.o)
                0x08007074                __sprint_r
 .text._write_r
                0x08007088       0x2c d:/programs/stm_ide/plugins/fr.ac6.mcu.externaltools.arm-none.win32_1.17.0.201812190825/tools/compiler/bin/../lib/gcc/arm-none-eabi/7.3.1/../../../../arm-none-eabi/lib/thumb/v7-m\libc.a(lib_a-writer.o)
                0x08007088                _write_r
 .text.__register_exitproc
                0x080070b4       0xc0 d:/programs/stm_ide/plugins/fr.ac6.mcu.externaltools.arm-none.win32_1.17.0.201812190825/tools/compiler/bin/../lib/gcc/arm-none-eabi/7.3.1/../../../../arm-none-eabi/lib/thumb/v7-m\libc.a(lib_a-__atexit.o)
                0x080070b4                __register_exitproc
 .text._calloc_r
                0x08007174       0x6c d:/programs/stm_ide/plugins/fr.ac6.mcu.externaltools.arm-none.win32_1.17.0.201812190825/tools/compiler/bin/../lib/gcc/arm-none-eabi/7.3.1/../../../../arm-none-eabi/lib/thumb/v7-m\libc.a(lib_a-callocr.o)
                0x08007174                _calloc_r
 .text._close_r
                0x080071e0       0x24 d:/programs/stm_ide/plugins/fr.ac6.mcu.externaltools.arm-none.win32_1.17.0.201812190825/tools/compiler/bin/../lib/gcc/arm-none-eabi/7.3.1/../../../../arm-none-eabi/lib/thumb/v7-m\libc.a(lib_a-closer.o)
                0x080071e0                _close_r
 .text._fclose_r
                0x08007204       0xd0 d:/programs/stm_ide/plugins/fr.ac6.mcu.externaltools.arm-none.win32_1.17.0.201812190825/tools/compiler/bin/../lib/gcc/arm-none-eabi/7.3.1/../../../../arm-none-eabi/lib/thumb/v7-m\libc.a(lib_a-fclose.o)
                0x08007204                _fclose_r
 .text.__fputwc
                0x080072d4       0x94 d:/programs/stm_ide/plugins/fr.ac6.mcu.externaltools.arm-none.win32_1.17.0.201812190825/tools/compiler/bin/../lib/gcc/arm-none-eabi/7.3.1/../../../../arm-none-eabi/lib/thumb/v7-m\libc.a(lib_a-fputwc.o)
                0x080072d4                __fputwc
 .text._fputwc_r
                0x08007368       0x64 d:/programs/stm_ide/plugins/fr.ac6.mcu.externaltools.arm-none.win32_1.17.0.201812190825/tools/compiler/bin/../lib/gcc/arm-none-eabi/7.3.1/../../../../arm-none-eabi/lib/thumb/v7-m\libc.a(lib_a-fputwc.o)
                0x08007368                _fputwc_r
 .text._fstat_r
                0x080073cc       0x28 d:/programs/stm_ide/plugins/fr.ac6.mcu.externaltools.arm-none.win32_1.17.0.201812190825/tools/compiler/bin/../lib/gcc/arm-none-eabi/7.3.1/../../../../arm-none-eabi/lib/thumb/v7-m\libc.a(lib_a-fstatr.o)
                0x080073cc                _fstat_r
 .text._isatty_r
                0x080073f4       0x24 d:/programs/stm_ide/plugins/fr.ac6.mcu.externaltools.arm-none.win32_1.17.0.201812190825/tools/compiler/bin/../lib/gcc/arm-none-eabi/7.3.1/../../../../arm-none-eabi/lib/thumb/v7-m\libc.a(lib_a-isattyr.o)
                0x080073f4                _isatty_r
 .text.__locale_mb_cur_max
                0x08007418       0x1c d:/programs/stm_ide/plugins/fr.ac6.mcu.externaltools.arm-none.win32_1.17.0.201812190825/tools/compiler/bin/../lib/gcc/arm-none-eabi/7.3.1/../../../../arm-none-eabi/lib/thumb/v7-m\libc.a(lib_a-locale.o)
                0x08007418                __locale_mb_cur_max
 .text._lseek_r
                0x08007434       0x2c d:/programs/stm_ide/plugins/fr.ac6.mcu.externaltools.arm-none.win32_1.17.0.201812190825/tools/compiler/bin/../lib/gcc/arm-none-eabi/7.3.1/../../../../arm-none-eabi/lib/thumb/v7-m\libc.a(lib_a-lseekr.o)
                0x08007434                _lseek_r
 .text.__ascii_mbtowc
                0x08007460       0x2c d:/programs/stm_ide/plugins/fr.ac6.mcu.externaltools.arm-none.win32_1.17.0.201812190825/tools/compiler/bin/../lib/gcc/arm-none-eabi/7.3.1/../../../../arm-none-eabi/lib/thumb/v7-m\libc.a(lib_a-mbtowc_r.o)
                0x08007460                __ascii_mbtowc
 .text._read_r  0x0800748c       0x2c d:/programs/stm_ide/plugins/fr.ac6.mcu.externaltools.arm-none.win32_1.17.0.201812190825/tools/compiler/bin/../lib/gcc/arm-none-eabi/7.3.1/../../../../arm-none-eabi/lib/thumb/v7-m\libc.a(lib_a-readr.o)
                0x0800748c                _read_r
 .text.__swbuf_r
                0x080074b8       0xb0 d:/programs/stm_ide/plugins/fr.ac6.mcu.externaltools.arm-none.win32_1.17.0.201812190825/tools/compiler/bin/../lib/gcc/arm-none-eabi/7.3.1/../../../../arm-none-eabi/lib/thumb/v7-m\libc.a(lib_a-wbuf.o)
                0x080074b8                __swbuf_r
 .text._wcrtomb_r
                0x08007568       0x54 d:/programs/stm_ide/plugins/fr.ac6.mcu.externaltools.arm-none.win32_1.17.0.201812190825/tools/compiler/bin/../lib/gcc/arm-none-eabi/7.3.1/../../../../arm-none-eabi/lib/thumb/v7-m\libc.a(lib_a-wcrtomb.o)
                0x08007568                _wcrtomb_r
 .text.__ascii_wctomb
                0x080075bc       0x18 d:/programs/stm_ide/plugins/fr.ac6.mcu.externaltools.arm-none.win32_1.17.0.201812190825/tools/compiler/bin/../lib/gcc/arm-none-eabi/7.3.1/../../../../arm-none-eabi/lib/thumb/v7-m\libc.a(lib_a-wctomb_r.o)
                0x080075bc                __ascii_wctomb
 *(.glue_7)
 .glue_7        0x080075d4        0x0 linker stubs
 *(.glue_7t)
 .glue_7t       0x080075d4        0x0 linker stubs
 *(.eh_frame)
 .eh_frame      0x080075d4        0x0 d:/programs/stm_ide/plugins/fr.ac6.mcu.externaltools.arm-none.win32_1.17.0.201812190825/tools/compiler/bin/../lib/gcc/arm-none-eabi/7.3.1/thumb/v7-m/crtbegin.o
 *(.init)
 .init          0x080075d4        0x4 d:/programs/stm_ide/plugins/fr.ac6.mcu.externaltools.arm-none.win32_1.17.0.201812190825/tools/compiler/bin/../lib/gcc/arm-none-eabi/7.3.1/thumb/v7-m/crti.o
                0x080075d4                _init
 .init          0x080075d8        0x8 d:/programs/stm_ide/plugins/fr.ac6.mcu.externaltools.arm-none.win32_1.17.0.201812190825/tools/compiler/bin/../lib/gcc/arm-none-eabi/7.3.1/thumb/v7-m/crtn.o
 *(.fini)
 .fini          0x080075e0        0x4 d:/programs/stm_ide/plugins/fr.ac6.mcu.externaltools.arm-none.win32_1.17.0.201812190825/tools/compiler/bin/../lib/gcc/arm-none-eabi/7.3.1/thumb/v7-m/crti.o
                0x080075e0                _fini
 .fini          0x080075e4        0x8 d:/programs/stm_ide/plugins/fr.ac6.mcu.externaltools.arm-none.win32_1.17.0.201812190825/tools/compiler/bin/../lib/gcc/arm-none-eabi/7.3.1/thumb/v7-m/crtn.o
                0x080075ec                . = ALIGN (0x4)
                0x080075ec                _etext = .

.vfp11_veneer   0x080075ec        0x0
 .vfp11_veneer  0x080075ec        0x0 linker stubs

.v4_bx          0x080075ec        0x0
 .v4_bx         0x080075ec        0x0 linker stubs

.iplt           0x080075ec        0x0
 .iplt          0x080075ec        0x0 d:/programs/stm_ide/plugins/fr.ac6.mcu.externaltools.arm-none.win32_1.17.0.201812190825/tools/compiler/bin/../lib/gcc/arm-none-eabi/7.3.1/thumb/v7-m/crtbegin.o

.rodata         0x080075f0      0x2c8
                0x080075f0                . = ALIGN (0x4)
 *(.rodata)
 .rodata        0x080075f0        0xc src/pwm_expander.o
                0x080075f0                channel
 .rodata        0x080075fc       0x2c src/uart.o
 *(.rodata*)
 .rodata._global_impure_ptr
                0x08007628        0x4 d:/programs/stm_ide/plugins/fr.ac6.mcu.externaltools.arm-none.win32_1.17.0.201812190825/tools/compiler/bin/../lib/gcc/arm-none-eabi/7.3.1/../../../../arm-none-eabi/lib/thumb/v7-m\libc.a(lib_a-impure.o)
                0x08007628                _global_impure_ptr
 .rodata._puts_r.str1.4
                0x0800762c        0x2 d:/programs/stm_ide/plugins/fr.ac6.mcu.externaltools.arm-none.win32_1.17.0.201812190825/tools/compiler/bin/../lib/gcc/arm-none-eabi/7.3.1/../../../../arm-none-eabi/lib/thumb/v7-m\libc.a(lib_a-puts.o)
 *fill*         0x0800762e        0x2 
 .rodata._vfprintf_r.str1.4
                0x08007630       0x42 d:/programs/stm_ide/plugins/fr.ac6.mcu.externaltools.arm-none.win32_1.17.0.201812190825/tools/compiler/bin/../lib/gcc/arm-none-eabi/7.3.1/../../../../arm-none-eabi/lib/thumb/v7-m\libc.a(lib_a-vfprintf.o)
 *fill*         0x08007672        0x2 
 .rodata.blanks.7330
                0x08007674       0x10 d:/programs/stm_ide/plugins/fr.ac6.mcu.externaltools.arm-none.win32_1.17.0.201812190825/tools/compiler/bin/../lib/gcc/arm-none-eabi/7.3.1/../../../../arm-none-eabi/lib/thumb/v7-m\libc.a(lib_a-vfprintf.o)
 .rodata.zeroes.7331
                0x08007684       0x10 d:/programs/stm_ide/plugins/fr.ac6.mcu.externaltools.arm-none.win32_1.17.0.201812190825/tools/compiler/bin/../lib/gcc/arm-none-eabi/7.3.1/../../../../arm-none-eabi/lib/thumb/v7-m\libc.a(lib_a-vfprintf.o)
 .rodata._dtoa_r.str1.4
                0x08007694       0x10 d:/programs/stm_ide/plugins/fr.ac6.mcu.externaltools.arm-none.win32_1.17.0.201812190825/tools/compiler/bin/../lib/gcc/arm-none-eabi/7.3.1/../../../../arm-none-eabi/lib/thumb/v7-m\libc.a(lib_a-dtoa.o)
                                 0x12 (size before relaxing)
 *fill*         0x080076a4        0x4 
 .rodata.__mprec_bigtens
                0x080076a8       0x28 d:/programs/stm_ide/plugins/fr.ac6.mcu.externaltools.arm-none.win32_1.17.0.201812190825/tools/compiler/bin/../lib/gcc/arm-none-eabi/7.3.1/../../../../arm-none-eabi/lib/thumb/v7-m\libc.a(lib_a-mprec.o)
                0x080076a8                __mprec_bigtens
 .rodata.__mprec_tens
                0x080076d0       0xc8 d:/programs/stm_ide/plugins/fr.ac6.mcu.externaltools.arm-none.win32_1.17.0.201812190825/tools/compiler/bin/../lib/gcc/arm-none-eabi/7.3.1/../../../../arm-none-eabi/lib/thumb/v7-m\libc.a(lib_a-mprec.o)
                0x080076d0                __mprec_tens
 .rodata.p05.6092
                0x08007798        0xc d:/programs/stm_ide/plugins/fr.ac6.mcu.externaltools.arm-none.win32_1.17.0.201812190825/tools/compiler/bin/../lib/gcc/arm-none-eabi/7.3.1/../../../../arm-none-eabi/lib/thumb/v7-m\libc.a(lib_a-mprec.o)
 .rodata._setlocale_r.str1.4
                0x080077a4        0xa d:/programs/stm_ide/plugins/fr.ac6.mcu.externaltools.arm-none.win32_1.17.0.201812190825/tools/compiler/bin/../lib/gcc/arm-none-eabi/7.3.1/../../../../arm-none-eabi/lib/thumb/v7-m\libc.a(lib_a-locale.o)
                                  0xd (size before relaxing)
 *fill*         0x080077ae        0x2 
 .rodata.str1.4
                0x080077b0        0x4 d:/programs/stm_ide/plugins/fr.ac6.mcu.externaltools.arm-none.win32_1.17.0.201812190825/tools/compiler/bin/../lib/gcc/arm-none-eabi/7.3.1/../../../../arm-none-eabi/lib/thumb/v7-m\libc.a(lib_a-locale.o)
                                  0x2 (size before relaxing)
 .rodata._ctype_
                0x080077b4      0x101 d:/programs/stm_ide/plugins/fr.ac6.mcu.externaltools.arm-none.win32_1.17.0.201812190825/tools/compiler/bin/../lib/gcc/arm-none-eabi/7.3.1/../../../../arm-none-eabi/lib/thumb/v7-m\libc.a(lib_a-ctype_.o)
                0x080077b4                _ctype_
                0x080078b8                . = ALIGN (0x4)
 *fill*         0x080078b5        0x3 

.ARM.extab
 *(.ARM.extab* .gnu.linkonce.armextab.*)

.ARM            0x080078b8        0x8
                0x080078b8                __exidx_start = .
 *(.ARM.exidx*)
 .ARM.exidx     0x080078b8        0x8 d:/programs/stm_ide/plugins/fr.ac6.mcu.externaltools.arm-none.win32_1.17.0.201812190825/tools/compiler/bin/../lib/gcc/arm-none-eabi/7.3.1/thumb/v7-m\libgcc.a(_udivmoddi4.o)
                0x080078c0                __exidx_end = .

.rel.dyn        0x080078c0        0x0
 .rel.iplt      0x080078c0        0x0 d:/programs/stm_ide/plugins/fr.ac6.mcu.externaltools.arm-none.win32_1.17.0.201812190825/tools/compiler/bin/../lib/gcc/arm-none-eabi/7.3.1/thumb/v7-m/crtbegin.o

.preinit_array  0x080078c0        0x0
                0x080078c0                PROVIDE (__preinit_array_start = .)
 *(.preinit_array*)
                0x080078c0                PROVIDE (__preinit_array_end = .)

.init_array     0x080078c0        0x8
                0x080078c0                PROVIDE (__init_array_start = .)
 *(SORT_BY_NAME(.init_array.*))
 .init_array.00000
                0x080078c0        0x4 d:/programs/stm_ide/plugins/fr.ac6.mcu.externaltools.arm-none.win32_1.17.0.201812190825/tools/compiler/bin/../lib/gcc/arm-none-eabi/7.3.1/../../../../arm-none-eabi/lib/thumb/v7-m\libc.a(lib_a-__call_atexit.o)
 *(.init_array*)
 .init_array    0x080078c4        0x4 d:/programs/stm_ide/plugins/fr.ac6.mcu.externaltools.arm-none.win32_1.17.0.201812190825/tools/compiler/bin/../lib/gcc/arm-none-eabi/7.3.1/thumb/v7-m/crtbegin.o
                0x080078c8                PROVIDE (__init_array_end = .)

.fini_array     0x080078c8        0x4
                0x080078c8                PROVIDE (__fini_array_start = .)
 *(SORT_BY_NAME(.fini_array.*))
 *(.fini_array*)
 .fini_array    0x080078c8        0x4 d:/programs/stm_ide/plugins/fr.ac6.mcu.externaltools.arm-none.win32_1.17.0.201812190825/tools/compiler/bin/../lib/gcc/arm-none-eabi/7.3.1/thumb/v7-m/crtbegin.o
                0x080078cc                PROVIDE (__fini_array_end = .)
                0x080078cc                _sidata = LOADADDR (.data)

.data           0x20000000      0x9e8 load address 0x080078cc
                0x20000000                . = ALIGN (0x4)
                0x20000000                _sdata = .
 *(.data)
 .data          0x20000000       0x14 StdPeriph_Driver/src/stm32f10x_rcc.o
 .data          0x20000014        0x4 src/main.o
                0x20000014                delay
 .data          0x20000018        0xc src/pwm_expander.o
                0x20000018                servo_angle
 .data          0x20000024       0x14 src/system_stm32f10x.o
                0x20000024                SystemCoreClock
                0x20000028                AHBPrescTable
 *(.data*)
 .data._impure_ptr
                0x20000038        0x4 d:/programs/stm_ide/plugins/fr.ac6.mcu.externaltools.arm-none.win32_1.17.0.201812190825/tools/compiler/bin/../lib/gcc/arm-none-eabi/7.3.1/../../../../arm-none-eabi/lib/thumb/v7-m\libc.a(lib_a-impure.o)
                0x20000038                _impure_ptr
 *fill*         0x2000003c        0x4 
 .data.impure_data
                0x20000040      0x428 d:/programs/stm_ide/plugins/fr.ac6.mcu.externaltools.arm-none.win32_1.17.0.201812190825/tools/compiler/bin/../lib/gcc/arm-none-eabi/7.3.1/../../../../arm-none-eabi/lib/thumb/v7-m\libc.a(lib_a-impure.o)
 .data.__atexit_recursive_mutex
                0x20000468        0x4 d:/programs/stm_ide/plugins/fr.ac6.mcu.externaltools.arm-none.win32_1.17.0.201812190825/tools/compiler/bin/../lib/gcc/arm-none-eabi/7.3.1/../../../../arm-none-eabi/lib/thumb/v7-m\libc.a(lib_a-__call_atexit.o)
                0x20000468                __atexit_recursive_mutex
 .data.__malloc_av_
                0x2000046c      0x408 d:/programs/stm_ide/plugins/fr.ac6.mcu.externaltools.arm-none.win32_1.17.0.201812190825/tools/compiler/bin/../lib/gcc/arm-none-eabi/7.3.1/../../../../arm-none-eabi/lib/thumb/v7-m\libc.a(lib_a-mallocr.o)
                0x2000046c                __malloc_av_
 .data.__malloc_sbrk_base
                0x20000874        0x4 d:/programs/stm_ide/plugins/fr.ac6.mcu.externaltools.arm-none.win32_1.17.0.201812190825/tools/compiler/bin/../lib/gcc/arm-none-eabi/7.3.1/../../../../arm-none-eabi/lib/thumb/v7-m\libc.a(lib_a-mallocr.o)
                0x20000874                __malloc_sbrk_base
 .data.__malloc_trim_threshold
                0x20000878        0x4 d:/programs/stm_ide/plugins/fr.ac6.mcu.externaltools.arm-none.win32_1.17.0.201812190825/tools/compiler/bin/../lib/gcc/arm-none-eabi/7.3.1/../../../../arm-none-eabi/lib/thumb/v7-m\libc.a(lib_a-mallocr.o)
                0x20000878                __malloc_trim_threshold
 .data.__global_locale
                0x2000087c      0x16c d:/programs/stm_ide/plugins/fr.ac6.mcu.externaltools.arm-none.win32_1.17.0.201812190825/tools/compiler/bin/../lib/gcc/arm-none-eabi/7.3.1/../../../../arm-none-eabi/lib/thumb/v7-m\libc.a(lib_a-locale.o)
                0x2000087c                __global_locale
                0x200009e8                . = ALIGN (0x4)
                0x200009e8                _edata = .

.igot.plt       0x200009e8        0x0 load address 0x080082b4
 .igot.plt      0x200009e8        0x0 d:/programs/stm_ide/plugins/fr.ac6.mcu.externaltools.arm-none.win32_1.17.0.201812190825/tools/compiler/bin/../lib/gcc/arm-none-eabi/7.3.1/thumb/v7-m/crtbegin.o
                0x200009e8                . = ALIGN (0x4)

.bss            0x200009e8       0x88 load address 0x080082b4
                0x200009e8                _sbss = .
                0x200009e8                __bss_start__ = _sbss
 *(.bss)
 .bss           0x200009e8       0x1c d:/programs/stm_ide/plugins/fr.ac6.mcu.externaltools.arm-none.win32_1.17.0.201812190825/tools/compiler/bin/../lib/gcc/arm-none-eabi/7.3.1/thumb/v7-m/crtbegin.o
 .bss           0x20000a04        0x8 src/syscalls.o
                0x20000a04                __env
 *(.bss*)
 .bss.__malloc_current_mallinfo
                0x20000a0c       0x28 d:/programs/stm_ide/plugins/fr.ac6.mcu.externaltools.arm-none.win32_1.17.0.201812190825/tools/compiler/bin/../lib/gcc/arm-none-eabi/7.3.1/../../../../arm-none-eabi/lib/thumb/v7-m\libc.a(lib_a-mallocr.o)
                0x20000a0c                __malloc_current_mallinfo
 .bss.__malloc_max_sbrked_mem
                0x20000a34        0x4 d:/programs/stm_ide/plugins/fr.ac6.mcu.externaltools.arm-none.win32_1.17.0.201812190825/tools/compiler/bin/../lib/gcc/arm-none-eabi/7.3.1/../../../../arm-none-eabi/lib/thumb/v7-m\libc.a(lib_a-mallocr.o)
                0x20000a34                __malloc_max_sbrked_mem
 .bss.__malloc_max_total_mem
                0x20000a38        0x4 d:/programs/stm_ide/plugins/fr.ac6.mcu.externaltools.arm-none.win32_1.17.0.201812190825/tools/compiler/bin/../lib/gcc/arm-none-eabi/7.3.1/../../../../arm-none-eabi/lib/thumb/v7-m\libc.a(lib_a-mallocr.o)
                0x20000a38                __malloc_max_total_mem
 .bss.__malloc_top_pad
                0x20000a3c        0x4 d:/programs/stm_ide/plugins/fr.ac6.mcu.externaltools.arm-none.win32_1.17.0.201812190825/tools/compiler/bin/../lib/gcc/arm-none-eabi/7.3.1/../../../../arm-none-eabi/lib/thumb/v7-m\libc.a(lib_a-mallocr.o)
                0x20000a3c                __malloc_top_pad
 *(COMMON)
 COMMON         0x20000a40        0x4 src/general.o
                0x20000a40                timer_ms
 COMMON         0x20000a44        0x4 src/main.o
                0x20000a44                incoming_byte
                0x20000a45                flag
                0x20000a46                buff
 COMMON         0x20000a48       0x21 d:/programs/stm_ide/plugins/fr.ac6.mcu.externaltools.arm-none.win32_1.17.0.201812190825/tools/compiler/bin/../lib/gcc/arm-none-eabi/7.3.1/../../../../arm-none-eabi/lib/thumb/v7-m\libc.a(lib_a-lock.o)
                0x20000a48                __lock___atexit_recursive_mutex
                0x20000a4c                __lock___arc4random_mutex
                0x20000a50                __lock___env_recursive_mutex
                0x20000a54                __lock___sinit_recursive_mutex
                0x20000a58                __lock___malloc_recursive_mutex
                0x20000a5c                __lock___at_quick_exit_mutex
                0x20000a60                __lock___dd_hash_mutex
                0x20000a64                __lock___tz_mutex
                0x20000a68                __lock___sfp_recursive_mutex
 *fill*         0x20000a69        0x3 
 COMMON         0x20000a6c        0x4 d:/programs/stm_ide/plugins/fr.ac6.mcu.externaltools.arm-none.win32_1.17.0.201812190825/tools/compiler/bin/../lib/gcc/arm-none-eabi/7.3.1/../../../../arm-none-eabi/lib/thumb/v7-m\libc.a(lib_a-reent.o)
                0x20000a6c                errno
                0x20000a70                . = ALIGN (0x4)
                0x20000a70                _ebss = .
                0x20000a70                __bss_end__ = _ebss

._user_heap_stack
                0x20000a70      0x100 load address 0x080082b4
                0x20000a70                . = ALIGN (0x8)
                0x20000a70                PROVIDE (end = .)
                [!provide]                PROVIDE (_end = .)
                0x20000a70                . = (. + _Min_Heap_Size)
                0x20000b70                . = (. + _Min_Stack_Size)
 *fill*         0x20000a70      0x100 
                0x20000b70                . = ALIGN (0x8)

.memory_b1_text
 *(.mb1text)
 *(.mb1text*)
 *(.mb1rodata)
 *(.mb1rodata*)

/DISCARD/
 libc.a(*)
 libm.a(*)
 libgcc.a(*)

.ARM.attributes
                0x00000000       0x29
 *(.ARM.attributes)
 .ARM.attributes
                0x00000000       0x1d d:/programs/stm_ide/plugins/fr.ac6.mcu.externaltools.arm-none.win32_1.17.0.201812190825/tools/compiler/bin/../lib/gcc/arm-none-eabi/7.3.1/thumb/v7-m/crti.o
 .ARM.attributes
                0x0000001d       0x2d d:/programs/stm_ide/plugins/fr.ac6.mcu.externaltools.arm-none.win32_1.17.0.201812190825/tools/compiler/bin/../lib/gcc/arm-none-eabi/7.3.1/thumb/v7-m/crtbegin.o
 .ARM.attributes
                0x0000004a       0x33 StdPeriph_Driver/src/misc.o
 .ARM.attributes
                0x0000007d       0x33 StdPeriph_Driver/src/stm32f10x_gpio.o
 .ARM.attributes
                0x000000b0       0x33 StdPeriph_Driver/src/stm32f10x_i2c.o
 .ARM.attributes
                0x000000e3       0x33 StdPeriph_Driver/src/stm32f10x_rcc.o
 .ARM.attributes
                0x00000116       0x33 StdPeriph_Driver/src/stm32f10x_tim.o
 .ARM.attributes
                0x00000149       0x33 StdPeriph_Driver/src/stm32f10x_usart.o
 .ARM.attributes
                0x0000017c       0x33 src/general.o
 .ARM.attributes
                0x000001af       0x33 src/h_bridge.o
 .ARM.attributes
                0x000001e2       0x33 src/main.o
 .ARM.attributes
                0x00000215       0x33 src/pwm_expander.o
 .ARM.attributes
                0x00000248       0x33 src/syscalls.o
 .ARM.attributes
                0x0000027b       0x33 src/system_stm32f10x.o
 .ARM.attributes
                0x000002ae       0x33 src/uart.o
 .ARM.attributes
                0x000002e1       0x21 startup/startup_stm32f10x_md.o
 .ARM.attributes
                0x00000302       0x1d d:/programs/stm_ide/plugins/fr.ac6.mcu.externaltools.arm-none.win32_1.17.0.201812190825/tools/compiler/bin/../lib/gcc/arm-none-eabi/7.3.1/thumb/v7-m\libgcc.a(_arm_addsubdf3.o)
 .ARM.attributes
                0x0000031f       0x1d d:/programs/stm_ide/plugins/fr.ac6.mcu.externaltools.arm-none.win32_1.17.0.201812190825/tools/compiler/bin/../lib/gcc/arm-none-eabi/7.3.1/thumb/v7-m\libgcc.a(_arm_muldivdf3.o)
 .ARM.attributes
                0x0000033c       0x1d d:/programs/stm_ide/plugins/fr.ac6.mcu.externaltools.arm-none.win32_1.17.0.201812190825/tools/compiler/bin/../lib/gcc/arm-none-eabi/7.3.1/thumb/v7-m\libgcc.a(_arm_fixunsdfsi.o)
 .ARM.attributes
                0x00000359       0x2d d:/programs/stm_ide/plugins/fr.ac6.mcu.externaltools.arm-none.win32_1.17.0.201812190825/tools/compiler/bin/../lib/gcc/arm-none-eabi/7.3.1/../../../../arm-none-eabi/lib/thumb/v7-m\libc.a(lib_a-errno.o)
 .ARM.attributes
                0x00000386       0x2d d:/programs/stm_ide/plugins/fr.ac6.mcu.externaltools.arm-none.win32_1.17.0.201812190825/tools/compiler/bin/../lib/gcc/arm-none-eabi/7.3.1/../../../../arm-none-eabi/lib/thumb/v7-m\libc.a(lib_a-impure.o)
 .ARM.attributes
                0x000003b3       0x2d d:/programs/stm_ide/plugins/fr.ac6.mcu.externaltools.arm-none.win32_1.17.0.201812190825/tools/compiler/bin/../lib/gcc/arm-none-eabi/7.3.1/../../../../arm-none-eabi/lib/thumb/v7-m\libc.a(lib_a-init.o)
 .ARM.attributes
                0x000003e0       0x2d d:/programs/stm_ide/plugins/fr.ac6.mcu.externaltools.arm-none.win32_1.17.0.201812190825/tools/compiler/bin/../lib/gcc/arm-none-eabi/7.3.1/../../../../arm-none-eabi/lib/thumb/v7-m\libc.a(lib_a-memset.o)
 .ARM.attributes
                0x0000040d       0x2d d:/programs/stm_ide/plugins/fr.ac6.mcu.externaltools.arm-none.win32_1.17.0.201812190825/tools/compiler/bin/../lib/gcc/arm-none-eabi/7.3.1/../../../../arm-none-eabi/lib/thumb/v7-m\libc.a(lib_a-printf.o)
 .ARM.attributes
                0x0000043a       0x2d d:/programs/stm_ide/plugins/fr.ac6.mcu.externaltools.arm-none.win32_1.17.0.201812190825/tools/compiler/bin/../lib/gcc/arm-none-eabi/7.3.1/../../../../arm-none-eabi/lib/thumb/v7-m\libc.a(lib_a-puts.o)
 .ARM.attributes
                0x00000467       0x2d d:/programs/stm_ide/plugins/fr.ac6.mcu.externaltools.arm-none.win32_1.17.0.201812190825/tools/compiler/bin/../lib/gcc/arm-none-eabi/7.3.1/../../../../arm-none-eabi/lib/thumb/v7-m\libc.a(lib_a-strlen-stub.o)
 .ARM.attributes
                0x00000494       0x2d d:/programs/stm_ide/plugins/fr.ac6.mcu.externaltools.arm-none.win32_1.17.0.201812190825/tools/compiler/bin/../lib/gcc/arm-none-eabi/7.3.1/../../../../arm-none-eabi/lib/thumb/v7-m\libc.a(lib_a-vfprintf.o)
 .ARM.attributes
                0x000004c1       0x2d d:/programs/stm_ide/plugins/fr.ac6.mcu.externaltools.arm-none.win32_1.17.0.201812190825/tools/compiler/bin/../lib/gcc/arm-none-eabi/7.3.1/../../../../arm-none-eabi/lib/thumb/v7-m\libc.a(lib_a-wsetup.o)
 .ARM.attributes
                0x000004ee       0x2d d:/programs/stm_ide/plugins/fr.ac6.mcu.externaltools.arm-none.win32_1.17.0.201812190825/tools/compiler/bin/../lib/gcc/arm-none-eabi/7.3.1/../../../../arm-none-eabi/lib/thumb/v7-m\libc.a(lib_a-__call_atexit.o)
 .ARM.attributes
                0x0000051b       0x2d d:/programs/stm_ide/plugins/fr.ac6.mcu.externaltools.arm-none.win32_1.17.0.201812190825/tools/compiler/bin/../lib/gcc/arm-none-eabi/7.3.1/../../../../arm-none-eabi/lib/thumb/v7-m\libc.a(lib_a-atexit.o)
 .ARM.attributes
                0x00000548       0x2d d:/programs/stm_ide/plugins/fr.ac6.mcu.externaltools.arm-none.win32_1.17.0.201812190825/tools/compiler/bin/../lib/gcc/arm-none-eabi/7.3.1/../../../../arm-none-eabi/lib/thumb/v7-m\libc.a(lib_a-dtoa.o)
 .ARM.attributes
                0x00000575       0x2d d:/programs/stm_ide/plugins/fr.ac6.mcu.externaltools.arm-none.win32_1.17.0.201812190825/tools/compiler/bin/../lib/gcc/arm-none-eabi/7.3.1/../../../../arm-none-eabi/lib/thumb/v7-m\libc.a(lib_a-fflush.o)
 .ARM.attributes
                0x000005a2       0x2d d:/programs/stm_ide/plugins/fr.ac6.mcu.externaltools.arm-none.win32_1.17.0.201812190825/tools/compiler/bin/../lib/gcc/arm-none-eabi/7.3.1/../../../../arm-none-eabi/lib/thumb/v7-m\libc.a(lib_a-findfp.o)
 .ARM.attributes
                0x000005cf       0x2d d:/programs/stm_ide/plugins/fr.ac6.mcu.externaltools.arm-none.win32_1.17.0.201812190825/tools/compiler/bin/../lib/gcc/arm-none-eabi/7.3.1/../../../../arm-none-eabi/lib/thumb/v7-m\libc.a(lib_a-fini.o)
 .ARM.attributes
                0x000005fc       0x2d d:/programs/stm_ide/plugins/fr.ac6.mcu.externaltools.arm-none.win32_1.17.0.201812190825/tools/compiler/bin/../lib/gcc/arm-none-eabi/7.3.1/../../../../arm-none-eabi/lib/thumb/v7-m\libc.a(lib_a-freer.o)
 .ARM.attributes
                0x00000629       0x2d d:/programs/stm_ide/plugins/fr.ac6.mcu.externaltools.arm-none.win32_1.17.0.201812190825/tools/compiler/bin/../lib/gcc/arm-none-eabi/7.3.1/../../../../arm-none-eabi/lib/thumb/v7-m\libc.a(lib_a-fvwrite.o)
 .ARM.attributes
                0x00000656       0x2d d:/programs/stm_ide/plugins/fr.ac6.mcu.externaltools.arm-none.win32_1.17.0.201812190825/tools/compiler/bin/../lib/gcc/arm-none-eabi/7.3.1/../../../../arm-none-eabi/lib/thumb/v7-m\libc.a(lib_a-fwalk.o)
 .ARM.attributes
                0x00000683       0x2d d:/programs/stm_ide/plugins/fr.ac6.mcu.externaltools.arm-none.win32_1.17.0.201812190825/tools/compiler/bin/../lib/gcc/arm-none-eabi/7.3.1/../../../../arm-none-eabi/lib/thumb/v7-m\libc.a(lib_a-localeconv.o)
 .ARM.attributes
                0x000006b0       0x2d d:/programs/stm_ide/plugins/fr.ac6.mcu.externaltools.arm-none.win32_1.17.0.201812190825/tools/compiler/bin/../lib/gcc/arm-none-eabi/7.3.1/../../../../arm-none-eabi/lib/thumb/v7-m\libc.a(lib_a-lock.o)
 .ARM.attributes
                0x000006dd       0x2d d:/programs/stm_ide/plugins/fr.ac6.mcu.externaltools.arm-none.win32_1.17.0.201812190825/tools/compiler/bin/../lib/gcc/arm-none-eabi/7.3.1/../../../../arm-none-eabi/lib/thumb/v7-m\libc.a(lib_a-makebuf.o)
 .ARM.attributes
                0x0000070a       0x2d d:/programs/stm_ide/plugins/fr.ac6.mcu.externaltools.arm-none.win32_1.17.0.201812190825/tools/compiler/bin/../lib/gcc/arm-none-eabi/7.3.1/../../../../arm-none-eabi/lib/thumb/v7-m\libc.a(lib_a-mallocr.o)
 .ARM.attributes
                0x00000737       0x2d d:/programs/stm_ide/plugins/fr.ac6.mcu.externaltools.arm-none.win32_1.17.0.201812190825/tools/compiler/bin/../lib/gcc/arm-none-eabi/7.3.1/../../../../arm-none-eabi/lib/thumb/v7-m\libc.a(lib_a-memchr-stub.o)
 .ARM.attributes
                0x00000764       0x1b d:/programs/stm_ide/plugins/fr.ac6.mcu.externaltools.arm-none.win32_1.17.0.201812190825/tools/compiler/bin/../lib/gcc/arm-none-eabi/7.3.1/../../../../arm-none-eabi/lib/thumb/v7-m\libc.a(lib_a-memcpy.o)
 .ARM.attributes
                0x0000077f       0x2d d:/programs/stm_ide/plugins/fr.ac6.mcu.externaltools.arm-none.win32_1.17.0.201812190825/tools/compiler/bin/../lib/gcc/arm-none-eabi/7.3.1/../../../../arm-none-eabi/lib/thumb/v7-m\libc.a(lib_a-memmove.o)
 .ARM.attributes
                0x000007ac       0x2d d:/programs/stm_ide/plugins/fr.ac6.mcu.externaltools.arm-none.win32_1.17.0.201812190825/tools/compiler/bin/../lib/gcc/arm-none-eabi/7.3.1/../../../../arm-none-eabi/lib/thumb/v7-m\libc.a(lib_a-mlock.o)
 .ARM.attributes
                0x000007d9       0x2d d:/programs/stm_ide/plugins/fr.ac6.mcu.externaltools.arm-none.win32_1.17.0.201812190825/tools/compiler/bin/../lib/gcc/arm-none-eabi/7.3.1/../../../../arm-none-eabi/lib/thumb/v7-m\libc.a(lib_a-mprec.o)
 .ARM.attributes
                0x00000806       0x2d d:/programs/stm_ide/plugins/fr.ac6.mcu.externaltools.arm-none.win32_1.17.0.201812190825/tools/compiler/bin/../lib/gcc/arm-none-eabi/7.3.1/../../../../arm-none-eabi/lib/thumb/v7-m\libc.a(lib_a-reallocr.o)
 .ARM.attributes
                0x00000833       0x2d d:/programs/stm_ide/plugins/fr.ac6.mcu.externaltools.arm-none.win32_1.17.0.201812190825/tools/compiler/bin/../lib/gcc/arm-none-eabi/7.3.1/../../../../arm-none-eabi/lib/thumb/v7-m\libc.a(lib_a-s_frexp.o)
 .ARM.attributes
                0x00000860       0x2d d:/programs/stm_ide/plugins/fr.ac6.mcu.externaltools.arm-none.win32_1.17.0.201812190825/tools/compiler/bin/../lib/gcc/arm-none-eabi/7.3.1/../../../../arm-none-eabi/lib/thumb/v7-m\libc.a(lib_a-sbrkr.o)
 .ARM.attributes
                0x0000088d       0x2d d:/programs/stm_ide/plugins/fr.ac6.mcu.externaltools.arm-none.win32_1.17.0.201812190825/tools/compiler/bin/../lib/gcc/arm-none-eabi/7.3.1/../../../../arm-none-eabi/lib/thumb/v7-m\libc.a(lib_a-stdio.o)
 .ARM.attributes
                0x000008ba       0x2d d:/programs/stm_ide/plugins/fr.ac6.mcu.externaltools.arm-none.win32_1.17.0.201812190825/tools/compiler/bin/../lib/gcc/arm-none-eabi/7.3.1/../../../../arm-none-eabi/lib/thumb/v7-m\libc.a(lib_a-strncpy.o)
 .ARM.attributes
                0x000008e7       0x2d d:/programs/stm_ide/plugins/fr.ac6.mcu.externaltools.arm-none.win32_1.17.0.201812190825/tools/compiler/bin/../lib/gcc/arm-none-eabi/7.3.1/../../../../arm-none-eabi/lib/thumb/v7-m\libc.a(lib_a-vfiprintf.o)
 .ARM.attributes
                0x00000914       0x2d d:/programs/stm_ide/plugins/fr.ac6.mcu.externaltools.arm-none.win32_1.17.0.201812190825/tools/compiler/bin/../lib/gcc/arm-none-eabi/7.3.1/../../../../arm-none-eabi/lib/thumb/v7-m\libc.a(lib_a-writer.o)
 .ARM.attributes
                0x00000941       0x2d d:/programs/stm_ide/plugins/fr.ac6.mcu.externaltools.arm-none.win32_1.17.0.201812190825/tools/compiler/bin/../lib/gcc/arm-none-eabi/7.3.1/../../../../arm-none-eabi/lib/thumb/v7-m\libc.a(lib_a-__atexit.o)
 .ARM.attributes
                0x0000096e       0x2d d:/programs/stm_ide/plugins/fr.ac6.mcu.externaltools.arm-none.win32_1.17.0.201812190825/tools/compiler/bin/../lib/gcc/arm-none-eabi/7.3.1/../../../../arm-none-eabi/lib/thumb/v7-m\libc.a(lib_a-callocr.o)
 .ARM.attributes
                0x0000099b       0x2d d:/programs/stm_ide/plugins/fr.ac6.mcu.externaltools.arm-none.win32_1.17.0.201812190825/tools/compiler/bin/../lib/gcc/arm-none-eabi/7.3.1/../../../../arm-none-eabi/lib/thumb/v7-m\libc.a(lib_a-closer.o)
 .ARM.attributes
                0x000009c8       0x2d d:/programs/stm_ide/plugins/fr.ac6.mcu.externaltools.arm-none.win32_1.17.0.201812190825/tools/compiler/bin/../lib/gcc/arm-none-eabi/7.3.1/../../../../arm-none-eabi/lib/thumb/v7-m\libc.a(lib_a-fclose.o)
 .ARM.attributes
                0x000009f5       0x2d d:/programs/stm_ide/plugins/fr.ac6.mcu.externaltools.arm-none.win32_1.17.0.201812190825/tools/compiler/bin/../lib/gcc/arm-none-eabi/7.3.1/../../../../arm-none-eabi/lib/thumb/v7-m\libc.a(lib_a-fputwc.o)
 .ARM.attributes
                0x00000a22       0x2d d:/programs/stm_ide/plugins/fr.ac6.mcu.externaltools.arm-none.win32_1.17.0.201812190825/tools/compiler/bin/../lib/gcc/arm-none-eabi/7.3.1/../../../../arm-none-eabi/lib/thumb/v7-m\libc.a(lib_a-fstatr.o)
 .ARM.attributes
                0x00000a4f       0x2d d:/programs/stm_ide/plugins/fr.ac6.mcu.externaltools.arm-none.win32_1.17.0.201812190825/tools/compiler/bin/../lib/gcc/arm-none-eabi/7.3.1/../../../../arm-none-eabi/lib/thumb/v7-m\libc.a(lib_a-isattyr.o)
 .ARM.attributes
                0x00000a7c       0x2d d:/programs/stm_ide/plugins/fr.ac6.mcu.externaltools.arm-none.win32_1.17.0.201812190825/tools/compiler/bin/../lib/gcc/arm-none-eabi/7.3.1/../../../../arm-none-eabi/lib/thumb/v7-m\libc.a(lib_a-locale.o)
 .ARM.attributes
                0x00000aa9       0x2d d:/programs/stm_ide/plugins/fr.ac6.mcu.externaltools.arm-none.win32_1.17.0.201812190825/tools/compiler/bin/../lib/gcc/arm-none-eabi/7.3.1/../../../../arm-none-eabi/lib/thumb/v7-m\libc.a(lib_a-lseekr.o)
 .ARM.attributes
                0x00000ad6       0x2d d:/programs/stm_ide/plugins/fr.ac6.mcu.externaltools.arm-none.win32_1.17.0.201812190825/tools/compiler/bin/../lib/gcc/arm-none-eabi/7.3.1/../../../../arm-none-eabi/lib/thumb/v7-m\libc.a(lib_a-mbtowc_r.o)
 .ARM.attributes
                0x00000b03       0x2d d:/programs/stm_ide/plugins/fr.ac6.mcu.externaltools.arm-none.win32_1.17.0.201812190825/tools/compiler/bin/../lib/gcc/arm-none-eabi/7.3.1/../../../../arm-none-eabi/lib/thumb/v7-m\libc.a(lib_a-readr.o)
 .ARM.attributes
                0x00000b30       0x2d d:/programs/stm_ide/plugins/fr.ac6.mcu.externaltools.arm-none.win32_1.17.0.201812190825/tools/compiler/bin/../lib/gcc/arm-none-eabi/7.3.1/../../../../arm-none-eabi/lib/thumb/v7-m\libc.a(lib_a-reent.o)
 .ARM.attributes
                0x00000b5d       0x2d d:/programs/stm_ide/plugins/fr.ac6.mcu.externaltools.arm-none.win32_1.17.0.201812190825/tools/compiler/bin/../lib/gcc/arm-none-eabi/7.3.1/../../../../arm-none-eabi/lib/thumb/v7-m\libc.a(lib_a-wbuf.o)
 .ARM.attributes
                0x00000b8a       0x2d d:/programs/stm_ide/plugins/fr.ac6.mcu.externaltools.arm-none.win32_1.17.0.201812190825/tools/compiler/bin/../lib/gcc/arm-none-eabi/7.3.1/../../../../arm-none-eabi/lib/thumb/v7-m\libc.a(lib_a-wcrtomb.o)
 .ARM.attributes
                0x00000bb7       0x2d d:/programs/stm_ide/plugins/fr.ac6.mcu.externaltools.arm-none.win32_1.17.0.201812190825/tools/compiler/bin/../lib/gcc/arm-none-eabi/7.3.1/../../../../arm-none-eabi/lib/thumb/v7-m\libc.a(lib_a-wctomb_r.o)
 .ARM.attributes
                0x00000be4       0x2d d:/programs/stm_ide/plugins/fr.ac6.mcu.externaltools.arm-none.win32_1.17.0.201812190825/tools/compiler/bin/../lib/gcc/arm-none-eabi/7.3.1/../../../../arm-none-eabi/lib/thumb/v7-m\libc.a(lib_a-ctype_.o)
 .ARM.attributes
                0x00000c11       0x1d d:/programs/stm_ide/plugins/fr.ac6.mcu.externaltools.arm-none.win32_1.17.0.201812190825/tools/compiler/bin/../lib/gcc/arm-none-eabi/7.3.1/thumb/v7-m\libgcc.a(_arm_cmpdf2.o)
 .ARM.attributes
                0x00000c2e       0x1d d:/programs/stm_ide/plugins/fr.ac6.mcu.externaltools.arm-none.win32_1.17.0.201812190825/tools/compiler/bin/../lib/gcc/arm-none-eabi/7.3.1/thumb/v7-m\libgcc.a(_arm_unorddf2.o)
 .ARM.attributes
                0x00000c4b       0x1d d:/programs/stm_ide/plugins/fr.ac6.mcu.externaltools.arm-none.win32_1.17.0.201812190825/tools/compiler/bin/../lib/gcc/arm-none-eabi/7.3.1/thumb/v7-m\libgcc.a(_arm_fixdfsi.o)
 .ARM.attributes
                0x00000c68       0x1d d:/programs/stm_ide/plugins/fr.ac6.mcu.externaltools.arm-none.win32_1.17.0.201812190825/tools/compiler/bin/../lib/gcc/arm-none-eabi/7.3.1/thumb/v7-m\libgcc.a(_aeabi_uldivmod.o)
 .ARM.attributes
                0x00000c85       0x2d d:/programs/stm_ide/plugins/fr.ac6.mcu.externaltools.arm-none.win32_1.17.0.201812190825/tools/compiler/bin/../lib/gcc/arm-none-eabi/7.3.1/thumb/v7-m\libgcc.a(_udivmoddi4.o)
 .ARM.attributes
                0x00000cb2       0x1d d:/programs/stm_ide/plugins/fr.ac6.mcu.externaltools.arm-none.win32_1.17.0.201812190825/tools/compiler/bin/../lib/gcc/arm-none-eabi/7.3.1/thumb/v7-m\libgcc.a(_dvmd_tls.o)
 .ARM.attributes
                0x00000ccf       0x1d d:/programs/stm_ide/plugins/fr.ac6.mcu.externaltools.arm-none.win32_1.17.0.201812190825/tools/compiler/bin/../lib/gcc/arm-none-eabi/7.3.1/thumb/v7-m/crtn.o
OUTPUT(Yasha.elf elf32-littlearm)

.debug_info     0x00000000     0x8bfb
 .debug_info    0x00000000      0x54b StdPeriph_Driver/src/misc.o
 .debug_info    0x0000054b      0x702 StdPeriph_Driver/src/stm32f10x_gpio.o
 .debug_info    0x00000c4d      0xb17 StdPeriph_Driver/src/stm32f10x_i2c.o
 .debug_info    0x00001764      0x8b2 StdPeriph_Driver/src/stm32f10x_rcc.o
 .debug_info    0x00002016     0x1c6a StdPeriph_Driver/src/stm32f10x_tim.o
 .debug_info    0x00003c80      0x9fa StdPeriph_Driver/src/stm32f10x_usart.o
 .debug_info    0x0000467a      0x143 src/general.o
 .debug_info    0x000047bd      0x580 src/h_bridge.o
 .debug_info    0x00004d3d      0xa2d src/main.o
 .debug_info    0x0000576a     0x1271 src/pwm_expander.o
 .debug_info    0x000069db      0xf2e src/syscalls.o
 .debug_info    0x00007909      0x479 src/system_stm32f10x.o
 .debug_info    0x00007d82      0xe57 src/uart.o
 .debug_info    0x00008bd9       0x22 startup/startup_stm32f10x_md.o

.debug_abbrev   0x00000000     0x17bd
 .debug_abbrev  0x00000000      0x177 StdPeriph_Driver/src/misc.o
 .debug_abbrev  0x00000177      0x1e4 StdPeriph_Driver/src/stm32f10x_gpio.o
 .debug_abbrev  0x0000035b      0x196 StdPeriph_Driver/src/stm32f10x_i2c.o
 .debug_abbrev  0x000004f1      0x1d4 StdPeriph_Driver/src/stm32f10x_rcc.o
 .debug_abbrev  0x000006c5      0x1c8 StdPeriph_Driver/src/stm32f10x_tim.o
 .debug_abbrev  0x0000088d      0x194 StdPeriph_Driver/src/stm32f10x_usart.o
 .debug_abbrev  0x00000a21       0xdc src/general.o
 .debug_abbrev  0x00000afd      0x146 src/h_bridge.o
 .debug_abbrev  0x00000c43      0x1da src/main.o
 .debug_abbrev  0x00000e1d      0x2d5 src/pwm_expander.o
 .debug_abbrev  0x000010f2      0x2aa src/syscalls.o
 .debug_abbrev  0x0000139c      0x16c src/system_stm32f10x.o
 .debug_abbrev  0x00001508      0x2a3 src/uart.o
 .debug_abbrev  0x000017ab       0x12 startup/startup_stm32f10x_md.o

.debug_aranges  0x00000000      0x950
 .debug_aranges
                0x00000000       0x40 StdPeriph_Driver/src/misc.o
 .debug_aranges
                0x00000040       0xa8 StdPeriph_Driver/src/stm32f10x_gpio.o
 .debug_aranges
                0x000000e8      0x120 StdPeriph_Driver/src/stm32f10x_i2c.o
 .debug_aranges
                0x00000208      0x118 StdPeriph_Driver/src/stm32f10x_rcc.o
 .debug_aranges
                0x00000320      0x2f0 StdPeriph_Driver/src/stm32f10x_tim.o
 .debug_aranges
                0x00000610      0x100 StdPeriph_Driver/src/stm32f10x_usart.o
 .debug_aranges
                0x00000710       0x30 src/general.o
 .debug_aranges
                0x00000740       0x28 src/h_bridge.o
 .debug_aranges
                0x00000768       0x50 src/main.o
 .debug_aranges
                0x000007b8       0x50 src/pwm_expander.o
 .debug_aranges
                0x00000808       0xb0 src/syscalls.o
 .debug_aranges
                0x000008b8       0x30 src/system_stm32f10x.o
 .debug_aranges
                0x000008e8       0x40 src/uart.o
 .debug_aranges
                0x00000928       0x28 startup/startup_stm32f10x_md.o

.debug_ranges   0x00000000      0x878
 .debug_ranges  0x00000000       0x30 StdPeriph_Driver/src/misc.o
 .debug_ranges  0x00000030       0x98 StdPeriph_Driver/src/stm32f10x_gpio.o
 .debug_ranges  0x000000c8      0x110 StdPeriph_Driver/src/stm32f10x_i2c.o
 .debug_ranges  0x000001d8      0x108 StdPeriph_Driver/src/stm32f10x_rcc.o
 .debug_ranges  0x000002e0      0x2e0 StdPeriph_Driver/src/stm32f10x_tim.o
 .debug_ranges  0x000005c0       0xf0 StdPeriph_Driver/src/stm32f10x_usart.o
 .debug_ranges  0x000006b0       0x20 src/general.o
 .debug_ranges  0x000006d0       0x18 src/h_bridge.o
 .debug_ranges  0x000006e8       0x40 src/main.o
 .debug_ranges  0x00000728       0x40 src/pwm_expander.o
 .debug_ranges  0x00000768       0xa0 src/syscalls.o
 .debug_ranges  0x00000808       0x20 src/system_stm32f10x.o
 .debug_ranges  0x00000828       0x30 src/uart.o
 .debug_ranges  0x00000858       0x20 startup/startup_stm32f10x_md.o

.debug_macro    0x00000000    0x10cc3
 .debug_macro   0x00000000      0x1a1 StdPeriph_Driver/src/misc.o
 .debug_macro   0x000001a1      0xa72 StdPeriph_Driver/src/misc.o
 .debug_macro   0x00000c13       0x5d StdPeriph_Driver/src/misc.o
 .debug_macro   0x00000c70       0x3a StdPeriph_Driver/src/misc.o
 .debug_macro   0x00000caa       0x22 StdPeriph_Driver/src/misc.o
 .debug_macro   0x00000ccc       0x8e StdPeriph_Driver/src/misc.o
 .debug_macro   0x00000d5a       0x51 StdPeriph_Driver/src/misc.o
 .debug_macro   0x00000dab       0xef StdPeriph_Driver/src/misc.o
 .debug_macro   0x00000e9a       0x6a StdPeriph_Driver/src/misc.o
 .debug_macro   0x00000f04      0x1df StdPeriph_Driver/src/misc.o
 .debug_macro   0x000010e3       0x2d StdPeriph_Driver/src/misc.o
 .debug_macro   0x00001110      0xa8b StdPeriph_Driver/src/misc.o
 .debug_macro   0x00001b9b     0x7eb3 StdPeriph_Driver/src/misc.o
 .debug_macro   0x00009a4e      0x2e4 StdPeriph_Driver/src/misc.o
 .debug_macro   0x00009d32      0x14a StdPeriph_Driver/src/misc.o
 .debug_macro   0x00009e7c      0x3cf StdPeriph_Driver/src/misc.o
 .debug_macro   0x0000a24b       0xc8 StdPeriph_Driver/src/misc.o
 .debug_macro   0x0000a313      0x17b StdPeriph_Driver/src/misc.o
 .debug_macro   0x0000a48e       0xac StdPeriph_Driver/src/misc.o
 .debug_macro   0x0000a53a      0x3b0 StdPeriph_Driver/src/misc.o
 .debug_macro   0x0000a8ea       0x9d StdPeriph_Driver/src/misc.o
 .debug_macro   0x0000a987      0x2d5 StdPeriph_Driver/src/misc.o
 .debug_macro   0x0000ac5c      0x279 StdPeriph_Driver/src/misc.o
 .debug_macro   0x0000aed5      0x2ad StdPeriph_Driver/src/misc.o
 .debug_macro   0x0000b182      0x2b4 StdPeriph_Driver/src/misc.o
 .debug_macro   0x0000b436       0x64 StdPeriph_Driver/src/misc.o
 .debug_macro   0x0000b49a       0x82 StdPeriph_Driver/src/misc.o
 .debug_macro   0x0000b51c      0x3e2 StdPeriph_Driver/src/misc.o
 .debug_macro   0x0000b8fe       0x58 StdPeriph_Driver/src/misc.o
 .debug_macro   0x0000b956      0x344 StdPeriph_Driver/src/misc.o
 .debug_macro   0x0000bc9a      0x2c4 StdPeriph_Driver/src/misc.o
 .debug_macro   0x0000bf5e      0x711 StdPeriph_Driver/src/misc.o
 .debug_macro   0x0000c66f      0x229 StdPeriph_Driver/src/misc.o
 .debug_macro   0x0000c898       0x34 StdPeriph_Driver/src/misc.o
 .debug_macro   0x0000c8cc       0x35 StdPeriph_Driver/src/misc.o
 .debug_macro   0x0000c901       0x86 StdPeriph_Driver/src/misc.o
 .debug_macro   0x0000c987      0x1ed StdPeriph_Driver/src/stm32f10x_gpio.o
 .debug_macro   0x0000cb74      0x2a7 StdPeriph_Driver/src/stm32f10x_gpio.o
 .debug_macro   0x0000ce1b      0x272 StdPeriph_Driver/src/stm32f10x_i2c.o
 .debug_macro   0x0000d08d      0x2ae StdPeriph_Driver/src/stm32f10x_i2c.o
 .debug_macro   0x0000d33b      0x2bb StdPeriph_Driver/src/stm32f10x_rcc.o
 .debug_macro   0x0000d5f6      0x3dc StdPeriph_Driver/src/stm32f10x_rcc.o
 .debug_macro   0x0000d9d2      0x1b7 StdPeriph_Driver/src/stm32f10x_tim.o
 .debug_macro   0x0000db89      0x70b StdPeriph_Driver/src/stm32f10x_tim.o
 .debug_macro   0x0000e294      0x253 StdPeriph_Driver/src/stm32f10x_usart.o
 .debug_macro   0x0000e4e7      0x223 StdPeriph_Driver/src/stm32f10x_usart.o
 .debug_macro   0x0000e70a      0x19b src/general.o
 .debug_macro   0x0000e8a5      0x19b src/h_bridge.o
 .debug_macro   0x0000ea40      0x313 src/main.o
 .debug_macro   0x0000ed53       0x28 src/main.o
 .debug_macro   0x0000ed7b       0x5e src/main.o
 .debug_macro   0x0000edd9       0x18 src/main.o
 .debug_macro   0x0000edf1       0x35 src/main.o
 .debug_macro   0x0000ee26       0x34 src/main.o
 .debug_macro   0x0000ee5a       0x16 src/main.o
 .debug_macro   0x0000ee70       0x97 src/main.o
 .debug_macro   0x0000ef07      0x330 src/main.o
 .debug_macro   0x0000f237       0xfd src/main.o
 .debug_macro   0x0000f334       0x10 src/main.o
 .debug_macro   0x0000f344       0x58 src/main.o
 .debug_macro   0x0000f39c       0x1f src/main.o
 .debug_macro   0x0000f3bb       0x43 src/main.o
 .debug_macro   0x0000f3fe       0x20 src/main.o
 .debug_macro   0x0000f41e      0x18e src/main.o
 .debug_macro   0x0000f5ac       0x10 src/main.o
 .debug_macro   0x0000f5bc       0x1c src/main.o
 .debug_macro   0x0000f5d8       0x52 src/main.o
 .debug_macro   0x0000f62a       0x40 src/main.o
 .debug_macro   0x0000f66a       0x10 src/main.o
 .debug_macro   0x0000f67a       0x40 src/main.o
 .debug_macro   0x0000f6ba       0xd7 src/main.o
 .debug_macro   0x0000f791       0x1c src/main.o
 .debug_macro   0x0000f7ad       0x3d src/main.o
 .debug_macro   0x0000f7ea       0x16 src/main.o
 .debug_macro   0x0000f800      0x16f src/main.o
 .debug_macro   0x0000f96f      0x2ff src/pwm_expander.o
 .debug_macro   0x0000fc6e      0x243 src/syscalls.o
 .debug_macro   0x0000feb1       0x58 src/syscalls.o
 .debug_macro   0x0000ff09       0x94 src/syscalls.o
 .debug_macro   0x0000ff9d       0x57 src/syscalls.o
 .debug_macro   0x0000fff4      0x174 src/syscalls.o
 .debug_macro   0x00010168       0x10 src/syscalls.o
 .debug_macro   0x00010178       0x35 src/syscalls.o
 .debug_macro   0x000101ad       0x10 src/syscalls.o
 .debug_macro   0x000101bd       0x10 src/syscalls.o
 .debug_macro   0x000101cd       0x35 src/syscalls.o
 .debug_macro   0x00010202      0x122 src/syscalls.o
 .debug_macro   0x00010324       0x16 src/syscalls.o
 .debug_macro   0x0001033a       0x16 src/syscalls.o
 .debug_macro   0x00010350       0x29 src/syscalls.o
 .debug_macro   0x00010379       0x10 src/syscalls.o
 .debug_macro   0x00010389      0x241 src/syscalls.o
 .debug_macro   0x000105ca       0x1c src/syscalls.o
 .debug_macro   0x000105e6       0x10 src/syscalls.o
 .debug_macro   0x000105f6      0x189 src/syscalls.o
 .debug_macro   0x0001077f       0x16 src/syscalls.o
 .debug_macro   0x00010795       0x88 src/syscalls.o
 .debug_macro   0x0001081d      0x19d src/system_stm32f10x.o
 .debug_macro   0x000109ba      0x309 src/uart.o

.debug_line     0x00000000     0x61c1
 .debug_line    0x00000000      0x5bb StdPeriph_Driver/src/misc.o
 .debug_line    0x000005bb      0x73c StdPeriph_Driver/src/stm32f10x_gpio.o
 .debug_line    0x00000cf7      0x83f StdPeriph_Driver/src/stm32f10x_i2c.o
 .debug_line    0x00001536      0x838 StdPeriph_Driver/src/stm32f10x_rcc.o
 .debug_line    0x00001d6e      0xebd StdPeriph_Driver/src/stm32f10x_tim.o
 .debug_line    0x00002c2b      0x80a StdPeriph_Driver/src/stm32f10x_usart.o
 .debug_line    0x00003435      0x587 src/general.o
 .debug_line    0x000039bc      0x586 src/h_bridge.o
 .debug_line    0x00003f42      0x7ef src/main.o
 .debug_line    0x00004731      0x770 src/pwm_expander.o
 .debug_line    0x00004ea1      0x5d3 src/syscalls.o
 .debug_line    0x00005474      0x5b6 src/system_stm32f10x.o
 .debug_line    0x00005a2a      0x719 src/uart.o
 .debug_line    0x00006143       0x7e startup/startup_stm32f10x_md.o

.debug_str      0x00000000    0x576e6
 .debug_str     0x00000000    0x4f176 StdPeriph_Driver/src/misc.o
                              0x4f2ef (size before relaxing)
 .debug_str     0x0004f176      0x5c0 StdPeriph_Driver/src/stm32f10x_gpio.o
                              0x4f661 (size before relaxing)
 .debug_str     0x0004f736      0x8e3 StdPeriph_Driver/src/stm32f10x_i2c.o
                              0x4fa03 (size before relaxing)
 .debug_str     0x00050019      0xae2 StdPeriph_Driver/src/stm32f10x_rcc.o
                              0x4fc47 (size before relaxing)
 .debug_str     0x00050afb      0xbed StdPeriph_Driver/src/stm32f10x_tim.o
                              0x4fd65 (size before relaxing)
 .debug_str     0x000516e8      0x7f0 StdPeriph_Driver/src/stm32f10x_usart.o
                              0x4f971 (size before relaxing)
 .debug_str     0x00051ed8       0x5f src/general.o
                              0x4f0b8 (size before relaxing)
 .debug_str     0x00051f37       0x35 src/h_bridge.o
                              0x4f406 (size before relaxing)
 .debug_str     0x00051f6c     0x40df src/main.o
                              0x53266 (size before relaxing)
 .debug_str     0x0005604b      0x385 src/pwm_expander.o
                              0x53867 (size before relaxing)
 .debug_str     0x000563d0     0x1201 src/syscalls.o
                               0x8570 (size before relaxing)
 .debug_str     0x000575d1       0x8f src/system_stm32f10x.o
                              0x4f1d6 (size before relaxing)
 .debug_str     0x00057660       0x56 src/uart.o
                              0x537c0 (size before relaxing)
 .debug_str     0x000576b6       0x30 startup/startup_stm32f10x_md.o
                                 0x4c (size before relaxing)

.comment        0x00000000       0x7f
 .comment       0x00000000       0x7f StdPeriph_Driver/src/misc.o
                                 0x80 (size before relaxing)
 .comment       0x0000007f       0x80 StdPeriph_Driver/src/stm32f10x_gpio.o
 .comment       0x0000007f       0x80 StdPeriph_Driver/src/stm32f10x_i2c.o
 .comment       0x0000007f       0x80 StdPeriph_Driver/src/stm32f10x_rcc.o
 .comment       0x0000007f       0x80 StdPeriph_Driver/src/stm32f10x_tim.o
 .comment       0x0000007f       0x80 StdPeriph_Driver/src/stm32f10x_usart.o
 .comment       0x0000007f       0x80 src/general.o
 .comment       0x0000007f       0x80 src/h_bridge.o
 .comment       0x0000007f       0x80 src/main.o
 .comment       0x0000007f       0x80 src/pwm_expander.o
 .comment       0x0000007f       0x80 src/syscalls.o
 .comment       0x0000007f       0x80 src/system_stm32f10x.o
 .comment       0x0000007f       0x80 src/uart.o

.debug_frame    0x00000000     0x3b44
 .debug_frame   0x00000000       0xd8 StdPeriph_Driver/src/misc.o
 .debug_frame   0x000000d8      0x2d0 StdPeriph_Driver/src/stm32f10x_gpio.o
 .debug_frame   0x000003a8      0x530 StdPeriph_Driver/src/stm32f10x_i2c.o
 .debug_frame   0x000008d8      0x4f4 StdPeriph_Driver/src/stm32f10x_rcc.o
 .debug_frame   0x00000dcc      0xe2c StdPeriph_Driver/src/stm32f10x_tim.o
 .debug_frame   0x00001bf8      0x490 StdPeriph_Driver/src/stm32f10x_usart.o
 .debug_frame   0x00002088       0x80 src/general.o
 .debug_frame   0x00002108       0x50 src/h_bridge.o
 .debug_frame   0x00002158       0xd4 src/main.o
 .debug_frame   0x0000222c      0x114 src/pwm_expander.o
 .debug_frame   0x00002340      0x2d0 src/syscalls.o
 .debug_frame   0x00002610       0x7c src/system_stm32f10x.o
 .debug_frame   0x0000268c       0xb4 src/uart.o
 .debug_frame   0x00002740       0xac d:/programs/stm_ide/plugins/fr.ac6.mcu.externaltools.arm-none.win32_1.17.0.201812190825/tools/compiler/bin/../lib/gcc/arm-none-eabi/7.3.1/thumb/v7-m\libgcc.a(_arm_addsubdf3.o)
 .debug_frame   0x000027ec       0x50 d:/programs/stm_ide/plugins/fr.ac6.mcu.externaltools.arm-none.win32_1.17.0.201812190825/tools/compiler/bin/../lib/gcc/arm-none-eabi/7.3.1/thumb/v7-m\libgcc.a(_arm_muldivdf3.o)
 .debug_frame   0x0000283c       0x24 d:/programs/stm_ide/plugins/fr.ac6.mcu.externaltools.arm-none.win32_1.17.0.201812190825/tools/compiler/bin/../lib/gcc/arm-none-eabi/7.3.1/thumb/v7-m\libgcc.a(_arm_fixunsdfsi.o)
 .debug_frame   0x00002860       0x20 d:/programs/stm_ide/plugins/fr.ac6.mcu.externaltools.arm-none.win32_1.17.0.201812190825/tools/compiler/bin/../lib/gcc/arm-none-eabi/7.3.1/../../../../arm-none-eabi/lib/thumb/v7-m\libc.a(lib_a-errno.o)
 .debug_frame   0x00002880       0x2c d:/programs/stm_ide/plugins/fr.ac6.mcu.externaltools.arm-none.win32_1.17.0.201812190825/tools/compiler/bin/../lib/gcc/arm-none-eabi/7.3.1/../../../../arm-none-eabi/lib/thumb/v7-m\libc.a(lib_a-init.o)
 .debug_frame   0x000028ac       0x38 d:/programs/stm_ide/plugins/fr.ac6.mcu.externaltools.arm-none.win32_1.17.0.201812190825/tools/compiler/bin/../lib/gcc/arm-none-eabi/7.3.1/../../../../arm-none-eabi/lib/thumb/v7-m\libc.a(lib_a-memset.o)
 .debug_frame   0x000028e4       0x78 d:/programs/stm_ide/plugins/fr.ac6.mcu.externaltools.arm-none.win32_1.17.0.201812190825/tools/compiler/bin/../lib/gcc/arm-none-eabi/7.3.1/../../../../arm-none-eabi/lib/thumb/v7-m\libc.a(lib_a-printf.o)
 .debug_frame   0x0000295c       0x4c d:/programs/stm_ide/plugins/fr.ac6.mcu.externaltools.arm-none.win32_1.17.0.201812190825/tools/compiler/bin/../lib/gcc/arm-none-eabi/7.3.1/../../../../arm-none-eabi/lib/thumb/v7-m\libc.a(lib_a-puts.o)
 .debug_frame   0x000029a8       0x20 d:/programs/stm_ide/plugins/fr.ac6.mcu.externaltools.arm-none.win32_1.17.0.201812190825/tools/compiler/bin/../lib/gcc/arm-none-eabi/7.3.1/../../../../arm-none-eabi/lib/thumb/v7-m\libc.a(lib_a-strlen-stub.o)
 .debug_frame   0x000029c8       0x94 d:/programs/stm_ide/plugins/fr.ac6.mcu.externaltools.arm-none.win32_1.17.0.201812190825/tools/compiler/bin/../lib/gcc/arm-none-eabi/7.3.1/../../../../arm-none-eabi/lib/thumb/v7-m\libc.a(lib_a-vfprintf.o)
 .debug_frame   0x00002a5c       0x2c d:/programs/stm_ide/plugins/fr.ac6.mcu.externaltools.arm-none.win32_1.17.0.201812190825/tools/compiler/bin/../lib/gcc/arm-none-eabi/7.3.1/../../../../arm-none-eabi/lib/thumb/v7-m\libc.a(lib_a-wsetup.o)
 .debug_frame   0x00002a88       0x5c d:/programs/stm_ide/plugins/fr.ac6.mcu.externaltools.arm-none.win32_1.17.0.201812190825/tools/compiler/bin/../lib/gcc/arm-none-eabi/7.3.1/../../../../arm-none-eabi/lib/thumb/v7-m\libc.a(lib_a-__call_atexit.o)
 .debug_frame   0x00002ae4       0x20 d:/programs/stm_ide/plugins/fr.ac6.mcu.externaltools.arm-none.win32_1.17.0.201812190825/tools/compiler/bin/../lib/gcc/arm-none-eabi/7.3.1/../../../../arm-none-eabi/lib/thumb/v7-m\libc.a(lib_a-atexit.o)
 .debug_frame   0x00002b04       0x88 d:/programs/stm_ide/plugins/fr.ac6.mcu.externaltools.arm-none.win32_1.17.0.201812190825/tools/compiler/bin/../lib/gcc/arm-none-eabi/7.3.1/../../../../arm-none-eabi/lib/thumb/v7-m\libc.a(lib_a-dtoa.o)
 .debug_frame   0x00002b8c       0x5c d:/programs/stm_ide/plugins/fr.ac6.mcu.externaltools.arm-none.win32_1.17.0.201812190825/tools/compiler/bin/../lib/gcc/arm-none-eabi/7.3.1/../../../../arm-none-eabi/lib/thumb/v7-m\libc.a(lib_a-fflush.o)
 .debug_frame   0x00002be8      0x150 d:/programs/stm_ide/plugins/fr.ac6.mcu.externaltools.arm-none.win32_1.17.0.201812190825/tools/compiler/bin/../lib/gcc/arm-none-eabi/7.3.1/../../../../arm-none-eabi/lib/thumb/v7-m\libc.a(lib_a-findfp.o)
 .debug_frame   0x00002d38       0x34 d:/programs/stm_ide/plugins/fr.ac6.mcu.externaltools.arm-none.win32_1.17.0.201812190825/tools/compiler/bin/../lib/gcc/arm-none-eabi/7.3.1/../../../../arm-none-eabi/lib/thumb/v7-m\libc.a(lib_a-fini.o)
 .debug_frame   0x00002d6c       0x80 d:/programs/stm_ide/plugins/fr.ac6.mcu.externaltools.arm-none.win32_1.17.0.201812190825/tools/compiler/bin/../lib/gcc/arm-none-eabi/7.3.1/../../../../arm-none-eabi/lib/thumb/v7-m\libc.a(lib_a-freer.o)
 .debug_frame   0x00002dec       0x64 d:/programs/stm_ide/plugins/fr.ac6.mcu.externaltools.arm-none.win32_1.17.0.201812190825/tools/compiler/bin/../lib/gcc/arm-none-eabi/7.3.1/../../../../arm-none-eabi/lib/thumb/v7-m\libc.a(lib_a-fvwrite.o)
 .debug_frame   0x00002e50       0x54 d:/programs/stm_ide/plugins/fr.ac6.mcu.externaltools.arm-none.win32_1.17.0.201812190825/tools/compiler/bin/../lib/gcc/arm-none-eabi/7.3.1/../../../../arm-none-eabi/lib/thumb/v7-m\libc.a(lib_a-fwalk.o)
 .debug_frame   0x00002ea4       0x40 d:/programs/stm_ide/plugins/fr.ac6.mcu.externaltools.arm-none.win32_1.17.0.201812190825/tools/compiler/bin/../lib/gcc/arm-none-eabi/7.3.1/../../../../arm-none-eabi/lib/thumb/v7-m\libc.a(lib_a-localeconv.o)
 .debug_frame   0x00002ee4       0xb0 d:/programs/stm_ide/plugins/fr.ac6.mcu.externaltools.arm-none.win32_1.17.0.201812190825/tools/compiler/bin/../lib/gcc/arm-none-eabi/7.3.1/../../../../arm-none-eabi/lib/thumb/v7-m\libc.a(lib_a-lock.o)
 .debug_frame   0x00002f94       0x64 d:/programs/stm_ide/plugins/fr.ac6.mcu.externaltools.arm-none.win32_1.17.0.201812190825/tools/compiler/bin/../lib/gcc/arm-none-eabi/7.3.1/../../../../arm-none-eabi/lib/thumb/v7-m\libc.a(lib_a-makebuf.o)
 .debug_frame   0x00002ff8       0x4c d:/programs/stm_ide/plugins/fr.ac6.mcu.externaltools.arm-none.win32_1.17.0.201812190825/tools/compiler/bin/../lib/gcc/arm-none-eabi/7.3.1/../../../../arm-none-eabi/lib/thumb/v7-m\libc.a(lib_a-mallocr.o)
 .debug_frame   0x00003044       0x34 d:/programs/stm_ide/plugins/fr.ac6.mcu.externaltools.arm-none.win32_1.17.0.201812190825/tools/compiler/bin/../lib/gcc/arm-none-eabi/7.3.1/../../../../arm-none-eabi/lib/thumb/v7-m\libc.a(lib_a-memchr-stub.o)